
Allocating common symbols
Common symbol       size              file

global_rules_shadow
                    0x630             obj/kern/libdwarf_frame.o
ismp                0x4               obj/kern/mpconfig.o
lapicaddr           0x8               obj/kern/lapic.o
ts                  0x68              obj/kern/trap.o
end_debug           0x8               obj/kern/init.o
mydebug             0x58              obj/kern/kdebug.o
panicstr            0x8               obj/kern/init.o
boot_cr3            0x8               obj/kern/pmap.o
mpentry_kstack      0x8               obj/kern/init.o
cpus                0x88              obj/kern/mpconfig.o
global_std_op       0x200             obj/kern/libdwarf_lineno.o
lapic               0x8               obj/kern/lapic.o
bootcpu             0x8               obj/kern/mpconfig.o
global_rules        0x630             obj/kern/libdwarf_frame.o
boot_pml4e          0x8               obj/kern/pmap.o
ncpu                0x4               obj/kern/mpconfig.o
npages              0x8               obj/kern/pmap.o
pages               0x8               obj/kern/pmap.o
percpu_kstacks      0x10000           obj/kern/mpconfig.o

Discarded input sections

 .note.GNU-stack
                0x0000000000000000        0x0 obj/kern/init.o
 .eh_frame      0x0000000000000000       0xf0 obj/kern/init.o
 .note.GNU-stack
                0x0000000000000000        0x0 obj/kern/console.o
 .eh_frame      0x0000000000000000      0x258 obj/kern/console.o
 .note.GNU-stack
                0x0000000000000000        0x0 obj/kern/monitor.o
 .eh_frame      0x0000000000000000       0xb8 obj/kern/monitor.o
 .note.GNU-stack
                0x0000000000000000        0x0 obj/kern/pmap.o
 .eh_frame      0x0000000000000000      0x430 obj/kern/pmap.o
 .note.GNU-stack
                0x0000000000000000        0x0 obj/kern/env.o
 .eh_frame      0x0000000000000000      0x288 obj/kern/env.o
 .note.GNU-stack
                0x0000000000000000        0x0 obj/kern/kclock.o
 .eh_frame      0x0000000000000000       0x58 obj/kern/kclock.o
 .note.GNU-stack
                0x0000000000000000        0x0 obj/kern/picirq.o
 .eh_frame      0x0000000000000000       0x78 obj/kern/picirq.o
 .note.GNU-stack
                0x0000000000000000        0x0 obj/kern/printf.o
 .eh_frame      0x0000000000000000       0x78 obj/kern/printf.o
 .note.GNU-stack
                0x0000000000000000        0x0 obj/kern/trap.o
 .eh_frame      0x0000000000000000      0x148 obj/kern/trap.o
 .note.GNU-stack
                0x0000000000000000        0x0 obj/kern/sched.o
 .eh_frame      0x0000000000000000       0xb8 obj/kern/sched.o
 .note.GNU-stack
                0x0000000000000000        0x0 obj/kern/syscall.o
 .eh_frame      0x0000000000000000      0x258 obj/kern/syscall.o
 .note.GNU-stack
                0x0000000000000000        0x0 obj/kern/kdebug.o
 .eh_frame      0x0000000000000000       0x60 obj/kern/kdebug.o
 .note.GNU-stack
                0x0000000000000000        0x0 obj/kern/printfmt.o
 .eh_frame      0x0000000000000000      0x128 obj/kern/printfmt.o
 .note.GNU-stack
                0x0000000000000000        0x0 obj/kern/readline.o
 .eh_frame      0x0000000000000000       0x38 obj/kern/readline.o
 .note.GNU-stack
                0x0000000000000000        0x0 obj/kern/string.o
 .eh_frame      0x0000000000000000      0x238 obj/kern/string.o
 .note.GNU-stack
                0x0000000000000000        0x0 obj/kern/libdwarf_rw.o
 .eh_frame      0x0000000000000000      0x320 obj/kern/libdwarf_rw.o
 .note.GNU-stack
                0x0000000000000000        0x0 obj/kern/libdwarf_frame.o
 .eh_frame      0x0000000000000000      0x208 obj/kern/libdwarf_frame.o
 .note.GNU-stack
                0x0000000000000000        0x0 obj/kern/libdwarf_lineno.o
 .eh_frame      0x0000000000000000       0xb0 obj/kern/libdwarf_lineno.o
 .note.GNU-stack
                0x0000000000000000        0x0 obj/kern/elf_rw.o
 .eh_frame      0x0000000000000000       0xd8 obj/kern/elf_rw.o
 .note.GNU-stack
                0x0000000000000000        0x0 obj/kern/mpconfig.o
 .eh_frame      0x0000000000000000       0xc0 obj/kern/mpconfig.o
 .note.GNU-stack
                0x0000000000000000        0x0 obj/kern/lapic.o
 .eh_frame      0x0000000000000000       0xf8 obj/kern/lapic.o
 .note.GNU-stack
                0x0000000000000000        0x0 obj/kern/spinlock.o
 .eh_frame      0x0000000000000000       0xf0 obj/kern/spinlock.o
 .note.GNU-stack
                0x0000000000000000        0x0 obj/kern/e1000.o
 .note.GNU-stack
                0x0000000000000000        0x0 obj/kern/pci.o
 .eh_frame      0x0000000000000000      0x158 obj/kern/pci.o
 .note.GNU-stack
                0x0000000000000000        0x0 obj/kern/time.o
 .eh_frame      0x0000000000000000       0x78 obj/kern/time.o
 .note.GNU-stack
                0x0000000000000000        0x0 obj/vmm/ept.o
 .eh_frame      0x0000000000000000      0x1b8 obj/vmm/ept.o
 .note.GNU-stack
                0x0000000000000000        0x0 obj/vmm/vmx.o
 .eh_frame      0x0000000000000000      0x2e0 obj/vmm/vmx.o
 .note.GNU-stack
                0x0000000000000000        0x0 obj/vmm/vmexits.o
 .eh_frame      0x0000000000000000      0x1b8 obj/vmm/vmexits.o

Memory Configuration

Name             Origin             Length             Attributes
*default*        0x0000000000000000 0xffffffffffffffff

Linker script and memory map

                0x0000000000100000                . = 0x100000

.bootstrap      0x0000000000100000     0x7004
 obj/kern/bootstrap.o(.text .data .bss)
 .text          0x0000000000100000      0x115 obj/kern/bootstrap.o
                0x0000000000100000                _head64
                0x00000000001000e5                jumpto_longmode
 *fill*         0x0000000000100115      0xeeb 
 .data          0x0000000000101000     0x6004 obj/kern/bootstrap.o
                0x0000000000102000                pml4virt
                0x0000000000107000                multiboot_info
 .bss           0x0000000000107004        0x0 obj/kern/bootstrap.o
                0x0000008004200000                . = 0x8004200000

.text           0x0000008004200000    0x1a263 load address 0x0000000000200000
 *(EXCLUDE_FILE(obj/kern/bootstrap.o) .text .stub .text.* .gnu.linkonce.t.*)
 .text          0x0000008004200000       0x58 obj/kern/entry.o
                0x000000800420000c                entry
                0x000000000020000c                _start
 .text          0x0000008004200058      0x7b2 obj/kern/init.o
                0x0000008004200099                i386_init
                0x0000008004200520                mp_main
                0x00000080042005e6                _panic
                0x000000800420071d                _warn
 .text          0x000000800420080a      0xb58 obj/kern/console.o
                0x000000800420089a                serial_intr
                0x00000080042010e9                kbd_intr
                0x00000080042011c3                cons_getc
                0x00000080042012b7                cons_init
                0x0000008004201310                cputchar
                0x000000800420132e                getchar
                0x0000008004201350                iscons
 .text          0x0000008004201362      0x4ff obj/kern/monitor.o
                0x0000008004201362                mon_help
                0x00000080042013f9                mon_kerninfo
                0x0000008004201413                mon_backtrace
                0x00000080042017c0                monitor
 .text          0x0000008004201861     0x55d6 obj/kern/pmap.o
                0x0000008004202228                x64_vm_init
                0x000000800420274a                page_init
                0x0000008004202956                page_alloc
                0x0000008004202a26                page_free
                0x0000008004202ae7                page_decref
                0x0000008004202b28                pml4e_walk
                0x0000008004202cc5                pdpe_walk
                0x0000008004202e01                pgdir_walk
                0x0000008004202fca                page_insert
                0x000000800420309c                page_lookup
                0x0000008004203111                page_remove
                0x000000800420319c                tlb_invalidate
                0x000000800420326b                mmio_map_region
                0x0000008004203300                user_mem_check
                0x000000800420341a                user_mem_assert
 .text          0x0000008004206e37     0x1bbc obj/kern/env.o
                0x0000008004206f9c                envid2env
                0x000000800420710c                env_init
                0x000000800420725f                env_init_percpu
                0x00000080042073fe                env_guest_alloc
                0x000000800420783a                env_guest_free
                0x0000008004207b81                env_alloc
                0x0000008004208096                env_create
                0x00000080042081e0                env_free
                0x000000800420866c                env_destroy
                0x000000800420877f                env_pop_tf
                0x000000800420885b                env_run
 .text          0x00000080042089f3       0x7c obj/kern/kclock.o
                0x00000080042089f3                mc146818_read
                0x0000008004208a2f                mc146818_write
 .text          0x0000008004208a6f      0x273 obj/kern/picirq.o
                0x0000008004208a6f                pic_init
                0x0000008004208bc1                irq_setmask_8259A
                0x0000008004208cb2                irq_eoi
 .text          0x0000008004208ce2      0x165 obj/kern/printf.o
                0x0000008004208d10                vcprintf
                0x0000008004208d6f                cprintf
 .text          0x0000008004208e47     0x31ad obj/kern/trap.o
                0x0000008004208ec2                trap_init
                0x000000800420ab0a                trap_init_percpu
                0x000000800420b228                print_trapframe
                0x000000800420b539                print_regs
                0x000000800420b970                trap
                0x000000800420bc7b                page_fault_handler
 .text          0x000000800420bff4      0x1c3 obj/kern/trapentry.o
                0x000000800420bff4                HANDLE_DIVIDE
                0x000000800420bffe                HANDLE_DEBUG
                0x000000800420c008                HANDLE_NMI
                0x000000800420c012                HANDLE_BRKPT
                0x000000800420c01c                HANDLE_OFLOW
                0x000000800420c026                HANDLE_BOUND
                0x000000800420c030                HANDLE_ILLOP
                0x000000800420c03a                HANDLE_DEVICE
                0x000000800420c044                HANDLE_DBFLT
                0x000000800420c04c                HANDLE_TSS
                0x000000800420c054                HANDLE_SEGNP
                0x000000800420c05c                HANDLE_STACK
                0x000000800420c064                HANDLE_GPFLT
                0x000000800420c06c                HANDLE_PGFLT
                0x000000800420c074                HANDLE_FPERR
                0x000000800420c07e                HANDLE_ALIGN
                0x000000800420c086                HANDLE_MCHK
                0x000000800420c090                HANDLE_SIMDERR
                0x000000800420c09a                HANDLE_SYSCALL
                0x000000800420c0a4                HANDLE_DEFAULT
                0x000000800420c0b0                HANDLE_IRQ_TIMER
                0x000000800420c0ba                HANDLE_IRQ_KBD
                0x000000800420c0c4                HANDLE_IRQ_SERIAL
                0x000000800420c0ce                HANDLE_IRQ_SPURIOUS
                0x000000800420c0d8                HANDLE_IRQ_IDE
                0x000000800420c0e2                HANDLE_IRQ_ERROR
                0x000000800420c0eb                _alltraps
 .text          0x000000800420c1b7      0x4cf obj/kern/sched.o
                0x000000800420c29b                sched_yield
                0x000000800420c458                sched_halt
 .text          0x000000800420c686      0xca2 obj/kern/syscall.o
                0x000000800420d10b                syscall
 .text          0x000000800420d328      0x96a obj/kern/kdebug.o
                0x000000800420d328                list_func_die
                0x000000800420d893                debuginfo_rip
 .text          0x000000800420dc92      0xa71 obj/kern/printfmt.o
                0x000000800420df6d                vprintfmt
                0x000000800420e485                printfmt
                0x000000800420e585                vsnprintf
                0x000000800420e622                snprintf
 .text          0x000000800420e703      0x155 obj/kern/readline.o
                0x000000800420e703                readline
 .text          0x000000800420e858      0x7c5 obj/kern/string.o
                0x000000800420e858                strlen
                0x000000800420e886                strnlen
                0x000000800420e8c4                strcpy
                0x000000800420e907                strcat
                0x000000800420e956                strncpy
                0x000000800420e9b6                strlcpy
                0x000000800420ea26                strcmp
                0x000000800420ea79                strncmp
                0x000000800420eaea                strchr
                0x000000800420eb26                strfind
                0x000000800420eb5d                memset
                0x000000800420ebe8                memmove
                0x000000800420ecff                memcpy
                0x000000800420ed33                memcmp
                0x000000800420eda7                memfind
                0x000000800420edf0                strtol
                0x000000800420ef82                strstr
 .text          0x000000800420f01d     0x1f4d obj/kern/libdwarf_rw.o
                0x000000800420f01d                _dwarf_read_lsb
                0x000000800420f149                _dwarf_decode_lsb
                0x000000800420f26a                _dwarf_read_msb
                0x000000800420f41c                _dwarf_decode_msb
                0x000000800420f5cb                _dwarf_read_sleb128
                0x000000800420f66f                _dwarf_read_uleb128
                0x000000800420f6ee                _dwarf_decode_sleb128
                0x000000800420f780                _dwarf_decode_uleb128
                0x000000800420f7ed                _dwarf_read_string
                0x000000800420f87c                _dwarf_read_block
                0x000000800420f8c5                _dwarf_elf_get_byte_order
                0x000000800420f933                _dwarf_elf_get_pointer_size
                0x000000800420f99d                _dwarf_init
                0x000000800420fa7f                _get_next_cu
                0x000000800420fc1a                print_cu
                0x000000800420fc51                _dwarf_abbrev_parse
                0x000000800420fed4                _dwarf_abbrev_find
                0x0000008004210005                _dwarf_attr_init
                0x0000008004210696                dwarf_search_die_within_cu
                0x000000800421098f                dwarf_offdie
                0x0000008004210a92                _dwarf_attr_find
                0x0000008004210b25                dwarf_siblingof
                0x0000008004210d69                dwarf_child
                0x0000008004210f0d                _dwarf_find_section_enhanced
 .text          0x0000008004210f6a     0x25a5 obj/kern/libdwarf_frame.o
                0x0000008004210f6a                _dwarf_frame_params_init
                0x0000008004210faa                dwarf_get_fde_at_pc
                0x00000080042110ea                _dwarf_frame_regtable_copy
                0x00000080042120d6                _dwarf_frame_get_internal_table
                0x000000800421238e                dwarf_get_fde_info_for_all_regs
                0x0000008004213153                _dwarf_frame_interal_table_init
                0x0000008004213403                dwarf_set_frame_cfa_value
                0x0000008004213433                _dwarf_frame_section_load_eh
                0x0000008004213471                dwarf_init_eh_section
 .text          0x000000800421350f      0xd4b obj/kern/libdwarf_lineno.o
                0x0000008004213b6b                _dwarf_lineno_init
                0x00000080042140df                dwarf_srclines
 .text          0x000000800421425a      0xd12 obj/kern/elf_rw.o
                0x000000800421425a                _dwarf_find_section
                0x00000080042142da                find_debug_sections
                0x00000080042145a3                read_section_headers
                0x0000008004214ce2                readseg
                0x0000008004214e46                waitdisk
                0x0000008004214e72                readsect
 *fill*         0x0000008004214f6c        0x4 
 .text          0x0000008004214f70       0xe7 obj/kern/mpentry.o
                0x0000008004214f70                mpentry_start
                0x0000008004215056                mpentry_end
 .text          0x0000008004215057      0x835 obj/kern/mpconfig.o
                0x000000800421552d                mp_init
 .text          0x000000800421588c      0x473 obj/kern/lapic.o
                0x00000080042158ce                lapic_init
                0x0000008004215ac5                cpunum
                0x0000008004215afa                lapic_eoi
                0x0000008004215b35                lapic_startap
                0x0000008004215cb8                lapic_ipi
 .text          0x0000008004215cff      0x429 obj/kern/spinlock.o
                0x0000008004215e1c                __spin_initlock
                0x0000008004215e50                spin_lock
                0x0000008004215f27                spin_unlock
 .text          0x0000008004216128        0x0 obj/kern/e1000.o
 .text          0x0000008004216128      0xafa obj/kern/pci.o
                0x0000008004216965                pci_func_enable
                0x0000008004216be6                pci_init
 .text          0x0000008004216c22       0xa3 obj/kern/time.o
                0x0000008004216c22                time_init
                0x0000008004216c38                time_tick
                0x0000008004216caa                time_msec
 .text          0x0000008004216cc5      0x646 obj/vmm/ept.o
                0x0000008004216e83                ept_gpa2hva
                0x000000800421713b                free_guest_mem
                0x0000008004217161                ept_page_insert
                0x00000080042171a2                ept_map_hva2gpa
                0x00000080042171e7                ept_alloc_static
 .text          0x000000800421730b     0x2721 obj/vmm/vmx.o
                0x0000008004217521                check_fixed_bits
                0x00000080042175ea                vmx_init_vmcs
                0x00000080042176f0                vmx_init_vmxon
                0x0000008004217b25                vmcs_host_init
                0x0000008004217ef3                vmcs_guest_init
                0x0000008004218731                vmx_read_capability_msr
                0x0000008004218de2                vmcs_dump_cpu
                0x0000008004218f23                vmexit
                0x000000800421938c                asm_vmrun
                0x0000008004219504                msr_setup
                0x0000008004219617                bitmap_setup
                0x0000008004219759                vmx_vmrun
 .text          0x0000008004219a2c      0x837 obj/vmm/vmexits.o
                0x0000008004219b45                find_msr_in_region
                0x0000008004219b9c                handle_rdmsr
                0x0000008004219ca4                handle_wrmsr
                0x0000008004219e17                handle_eptviolation
                0x0000008004219fcc                handle_ioinstr
                0x000000800421a18f                handle_cpuid
                0x000000800421a1c1                handle_vmcall
                0x000000800421a263                PROVIDE (etext, .)

.iplt           0x000000800421a270        0x0 load address 0x000000000021a270
 .iplt          0x0000000000000000        0x0 obj/kern/bootstrap.o

.rodata         0x000000800421a280     0x33bc load address 0x000000000021a280
 *(EXCLUDE_FILE(obj/kern/bootstrap.o) .rodata .rodata.* .gnu.linkonce.r.*)
 .rodata        0x000000800421a280      0x11e obj/kern/init.o
 .rodata        0x000000800421a39e       0x29 obj/kern/console.o
 *fill*         0x000000800421a3c7        0x1 
 .rodata        0x000000800421a3c8      0x151 obj/kern/monitor.o
 *fill*         0x000000800421a519        0x7 
 .rodata        0x000000800421a520      0xe84 obj/kern/pmap.o
 *fill*         0x000000800421b3a4        0x4 
 .rodata        0x000000800421b3a8      0x1c7 obj/kern/env.o
 .rodata        0x000000800421b56f       0x1a obj/kern/picirq.o
 *fill*         0x000000800421b589       0x17 
 .rodata        0x000000800421b5a0      0x6a0 obj/kern/trap.o
 .rodata        0x000000800421bc40       0x89 obj/kern/sched.o
 *fill*         0x000000800421bcc9        0x7 
 .rodata        0x000000800421bcd0       0xd8 obj/kern/syscall.o
 *fill*         0x000000800421bda8       0x18 
 .rodata        0x000000800421bdc0      0x390 obj/kern/kdebug.o
 *fill*         0x000000800421c150       0x10 
 .rodata        0x000000800421c160      0x4c8 obj/kern/printfmt.o
 .rodata        0x000000800421c628       0x13 obj/kern/readline.o
 *fill*         0x000000800421c63b        0x5 
 .rodata        0x000000800421c640      0x1ab obj/kern/libdwarf_rw.o
 *fill*         0x000000800421c7eb        0x5 
 .rodata        0x000000800421c7f0      0x200 obj/kern/libdwarf_frame.o
 .rodata        0x000000800421c9f0       0xc3 obj/kern/libdwarf_lineno.o
 .rodata        0x000000800421cab3       0xa4 obj/kern/elf_rw.o
 *fill*         0x000000800421cb57        0x1 
 .rodata        0x000000800421cb58      0x1f9 obj/kern/mpconfig.o
 *fill*         0x000000800421cd51        0x7 
 .rodata        0x000000800421cd58       0x30 obj/kern/lapic.o
 .rodata        0x000000800421cd88       0xb1 obj/kern/spinlock.o
 *fill*         0x000000800421ce39        0x7 
 .rodata        0x000000800421ce40      0x287 obj/kern/pci.o
 .rodata        0x000000800421d0c7       0x27 obj/kern/time.o
 *fill*         0x000000800421d0ee        0x2 
 .rodata        0x000000800421d0f0       0xd1 obj/vmm/ept.o
 *fill*         0x000000800421d1c1        0x7 
 .rodata        0x000000800421d1c8      0x375 obj/vmm/vmx.o
 *fill*         0x000000800421d53d        0x3 
 .rodata        0x000000800421d540       0xfc obj/vmm/vmexits.o

.rela.dyn       0x000000800421d640        0x0 load address 0x000000000021d640
 .rela.iplt     0x0000000000000000        0x0 obj/kern/bootstrap.o
 .rela.text     0x0000000000000000        0x0 obj/kern/bootstrap.o
 .rela.data     0x0000000000000000        0x0 obj/kern/bootstrap.o
                0x000000800421e000                . = ALIGN (0x1000)

.data           0x000000800421e000   0x24d9a4 load address 0x000000000021e000
 *(EXCLUDE_FILE(obj/kern/bootstrap.o) .data)
 .data          0x000000800421e000    0x10042 obj/kern/entry.o
                0x000000800421e000                bootstack
                0x000000800422e000                kernel_64
                0x000000800422e000                bootstacktop
                0x000000800422e038                gdtdesc_64
 .data          0x000000800422e042        0x0 obj/kern/init.o
 *fill*         0x000000800422e042       0x1e 
 .data          0x000000800422e060      0x520 obj/kern/console.o
 .data          0x000000800422e580       0x48 obj/kern/monitor.o
 .data          0x000000800422e5c8        0x8 obj/kern/pmap.o
 *fill*         0x000000800422e5d0       0x10 
 .data          0x000000800422e5e0       0x42 obj/kern/env.o
                0x000000800422e5e0                gdt
                0x000000800422e618                gdt_pd
 .data          0x000000800422e622        0x0 obj/kern/kclock.o
 .data          0x000000800422e622        0x2 obj/kern/picirq.o
                0x000000800422e622                irq_mask_8259A
 .data          0x000000800422e624        0x0 obj/kern/printf.o
 .data          0x000000800422e624        0x0 obj/kern/trap.o
 .data          0x000000800422e624        0x0 obj/kern/trapentry.o
 .data          0x000000800422e624        0x0 obj/kern/sched.o
 .data          0x000000800422e624        0x0 obj/kern/syscall.o
 *fill*         0x000000800422e624        0x4 
 .data          0x000000800422e628        0x8 obj/kern/kdebug.o
                0x000000800422e628                dbg
 .data          0x000000800422e630        0x0 obj/kern/printfmt.o
 .data          0x000000800422e630        0x0 obj/kern/readline.o
 .data          0x000000800422e630        0x0 obj/kern/string.o
 .data          0x000000800422e630        0x0 obj/kern/libdwarf_rw.o
 *fill*         0x000000800422e630       0x10 
 .data          0x000000800422e640       0x24 obj/kern/libdwarf_frame.o
                0x000000800422e640                debug_frame_sec
                0x000000800422e660                is_eh_frame
 .data          0x000000800422e664        0x0 obj/kern/libdwarf_lineno.o
 *fill*         0x000000800422e664       0x1c 
 .data          0x000000800422e680       0xa0 obj/kern/elf_rw.o
                0x000000800422e680                section_info
 .data          0x000000800422e720        0x0 obj/kern/mpentry.o
 .data          0x000000800422e720        0x0 obj/kern/mpconfig.o
 .data          0x000000800422e720        0x0 obj/kern/lapic.o
 .data          0x000000800422e720       0x68 obj/kern/spinlock.o
                0x000000800422e720                kernel_lock
 .data          0x000000800422e788        0x0 obj/kern/e1000.o
 *fill*         0x000000800422e788       0x18 
 .data          0x000000800422e7a0       0x78 obj/kern/pci.o
                0x000000800422e7c0                pci_attach_class
 .data          0x000000800422e818        0x0 obj/kern/time.o
 .data          0x000000800422e818        0x0 obj/vmm/ept.o
 .data          0x000000800422e818        0x0 obj/vmm/vmx.o
 .data          0x000000800422e818        0x0 obj/vmm/vmexits.o
 .data          0x000000800422e818    0x158de obj/user/hello
                0x000000800422e818                _binary_obj_user_hello_start
                0x00000080042440f6                _binary_obj_user_hello_end
 .data          0x00000080042440f6    0x153d5 obj/user/idle
                0x00000080042440f6                _binary_obj_user_idle_start
                0x00000080042594cb                _binary_obj_user_idle_end
 .data          0x00000080042594cb    0x15d1b obj/user/testfile
                0x00000080042594cb                _binary_obj_user_testfile_start
                0x000000800426f1e6                _binary_obj_user_testfile_end
 .data          0x000000800426f1e6    0x1546a obj/user/writemotd
                0x000000800426f1e6                _binary_obj_user_writemotd_start
                0x0000008004284650                _binary_obj_user_writemotd_end
 .data          0x0000008004284650    0x179e4 obj/user/icode
                0x0000008004284650                _binary_obj_user_icode_start
                0x000000800429c034                _binary_obj_user_icode_end
 .data          0x000000800429c034    0x25ea7 obj/fs/fs
                0x000000800429c034                _binary_obj_fs_fs_start
                0x00000080042c1edb                _binary_obj_fs_fs_end
 .data          0x00000080042c1edb    0x15607 obj/user/testtime
                0x00000080042c1edb                _binary_obj_user_testtime_start
                0x00000080042d74e2                _binary_obj_user_testtime_end
 .data          0x00000080042d74e2    0x1879f obj/user/httpd
                0x00000080042d74e2                _binary_obj_user_httpd_start
                0x00000080042efc81                _binary_obj_user_httpd_end
 .data          0x00000080042efc81    0x16318 obj/user/echosrv
                0x00000080042efc81                _binary_obj_user_echosrv_start
                0x0000008004305f99                _binary_obj_user_echosrv_end
 .data          0x0000008004305f99    0x1624f obj/user/echotest
                0x0000008004305f99                _binary_obj_user_echotest_start
                0x000000800431c1e8                _binary_obj_user_echotest_end
 .data          0x000000800431c1e8    0x173f1 obj/net/testoutput
                0x000000800431c1e8                _binary_obj_net_testoutput_start
                0x00000080043335d9                _binary_obj_net_testoutput_end
 .data          0x00000080043335d9    0x1943b obj/net/testinput
                0x00000080043335d9                _binary_obj_net_testinput_start
                0x000000800434ca14                _binary_obj_net_testinput_end
 .data          0x000000800434ca14    0x62c43 obj/net/ns
                0x000000800434ca14                _binary_obj_net_ns_start
                0x00000080043af657                _binary_obj_net_ns_end
 .data          0x00000080043af657    0x197c6 obj/user/testpteshare
                0x00000080043af657                _binary_obj_user_testpteshare_start
                0x00000080043c8e1d                _binary_obj_user_testpteshare_end
 .data          0x00000080043c8e1d    0x17244 obj/user/testfdsharing
                0x00000080043c8e1d                _binary_obj_user_testfdsharing_start
                0x00000080043e0061                _binary_obj_user_testfdsharing_end
 .data          0x00000080043e0061    0x176da obj/user/testpipe
                0x00000080043e0061                _binary_obj_user_testpipe_start
                0x00000080043f773b                _binary_obj_user_testpipe_end
 .data          0x00000080043f773b    0x16fde obj/user/testpiperace
                0x00000080043f773b                _binary_obj_user_testpiperace_start
                0x000000800440e719                _binary_obj_user_testpiperace_end
 .data          0x000000800440e719    0x16faf obj/user/testpiperace2
                0x000000800440e719                _binary_obj_user_testpiperace2_start
                0x00000080044256c8                _binary_obj_user_testpiperace2_end
 .data          0x00000080044256c8    0x16a96 obj/user/primespipe
                0x00000080044256c8                _binary_obj_user_primespipe_start
                0x000000800443c15e                _binary_obj_user_primespipe_end
 .data          0x000000800443c15e    0x1602b obj/user/testkbd
                0x000000800443c15e                _binary_obj_user_testkbd_start
                0x0000008004452189                _binary_obj_user_testkbd_end
 .data          0x0000008004452189    0x1981b obj/user/testshell
                0x0000008004452189                _binary_obj_user_testshell_start
                0x000000800446b9a4                _binary_obj_user_testshell_end
                0x000000800446b9a4                PROVIDE (edata, .)

.igot.plt       0x000000800446b9a8        0x0 load address 0x000000000046b9a8
 .igot.plt      0x0000000000000000        0x0 obj/kern/bootstrap.o

.bss            0x000000800446c000    0x14010 load address 0x000000000046c000
 *(EXCLUDE_FILE(obj/kern/bootstrap.o) .bss)
 .bss           0x000000800446c000        0x0 obj/kern/entry.o
 .bss           0x000000800446c000        0x0 obj/kern/init.o
 .bss           0x000000800446c000      0x22c obj/kern/console.o
 .bss           0x000000800446c22c        0x0 obj/kern/monitor.o
 *fill*         0x000000800446c22c        0x4 
 .bss           0x000000800446c230       0x20 obj/kern/pmap.o
 .bss           0x000000800446c250       0x10 obj/kern/env.o
                0x000000800446c250                envs
 .bss           0x000000800446c260        0x0 obj/kern/kclock.o
 .bss           0x000000800446c260        0x1 obj/kern/picirq.o
 .bss           0x000000800446c261        0x0 obj/kern/printf.o
 *fill*         0x000000800446c261       0x1f 
 .bss           0x000000800446c280     0x1018 obj/kern/trap.o
                0x000000800446c280                idt
                0x000000800446d280                idt_pd
 .bss           0x000000800446d298        0x0 obj/kern/trapentry.o
 .bss           0x000000800446d298        0x0 obj/kern/sched.o
 .bss           0x000000800446d298        0x0 obj/kern/syscall.o
 .bss           0x000000800446d298        0x8 obj/kern/kdebug.o
 .bss           0x000000800446d2a0        0x0 obj/kern/printfmt.o
 .bss           0x000000800446d2a0      0x400 obj/kern/readline.o
 .bss           0x000000800446d6a0        0x0 obj/kern/string.o
 .bss           0x000000800446d6a0        0x0 obj/kern/libdwarf_rw.o
 .bss           0x000000800446d6a0       0x68 obj/kern/libdwarf_frame.o
                0x000000800446d6a0                global_rt_table
                0x000000800446d6e0                global_rt_table_shadow
 .bss           0x000000800446d708        0x0 obj/kern/libdwarf_lineno.o
 .bss           0x000000800446d708        0x0 obj/kern/elf_rw.o
 .bss           0x000000800446d708        0x0 obj/kern/mpentry.o
 .bss           0x000000800446d708        0x0 obj/kern/mpconfig.o
 .bss           0x000000800446d708        0x0 obj/kern/lapic.o
 .bss           0x000000800446d708        0x0 obj/kern/spinlock.o
 .bss           0x000000800446d708        0x0 obj/kern/e1000.o
 *fill*         0x000000800446d708        0x8 
 .bss           0x000000800446d710       0x30 obj/kern/pci.o
                0x000000800446d710                pci_attach_vendor
 .bss           0x000000800446d740        0x4 obj/kern/time.o
 .bss           0x000000800446d744        0x0 obj/vmm/ept.o
 .bss           0x000000800446d744        0x0 obj/vmm/vmx.o
 .bss           0x000000800446d744        0x4 obj/vmm/vmexits.o
 COMMON         0x000000800446d748       0x18 obj/kern/init.o
                0x000000800446d748                end_debug
                0x000000800446d750                panicstr
                0x000000800446d758                mpentry_kstack
 COMMON         0x000000800446d760       0x20 obj/kern/pmap.o
                0x000000800446d760                boot_cr3
                0x000000800446d768                boot_pml4e
                0x000000800446d770                npages
                0x000000800446d778                pages
 COMMON         0x000000800446d780       0x68 obj/kern/trap.o
                0x000000800446d780                ts
 *fill*         0x000000800446d7e8       0x18 
 COMMON         0x000000800446d800       0x58 obj/kern/kdebug.o
                0x000000800446d800                mydebug
 *fill*         0x000000800446d858        0x8 
 COMMON         0x000000800446d860      0xc70 obj/kern/libdwarf_frame.o
                0x000000800446d860                global_rules_shadow
                0x000000800446dea0                global_rules
 *fill*         0x000000800446e4d0       0x10 
 COMMON         0x000000800446e4e0      0x200 obj/kern/libdwarf_lineno.o
                0x000000800446e4e0                global_std_op
 *fill*         0x000000800446e6e0      0x920 
 COMMON         0x000000800446f000    0x11000 obj/kern/mpconfig.o
                0x000000800446f000                ismp
                0x000000800446f020                cpus
                0x000000800446f0a8                bootcpu
                0x000000800446f0b0                ncpu
                0x0000008004470000                percpu_kstacks
 COMMON         0x0000008004480000       0x10 obj/kern/lapic.o
                0x0000008004480000                lapicaddr
                0x0000008004480008                lapic
                0x0000008004480010                PROVIDE (end, .)

.debug
 *(.debug)

.line
 *(.line)

.debug_srcinfo
 *(.debug_srcinfo)

.debug_sfnames
 *(.debug_sfnames)

.debug_aranges  0x0000000000000000      0x5d0
 *(.debug_aranges)
 .debug_aranges
                0x0000000000000000       0x30 obj/kern/bootstrap.o
 .debug_aranges
                0x0000000000000030       0x30 obj/kern/entry.o
 .debug_aranges
                0x0000000000000060       0x30 obj/kern/init.o
 .debug_aranges
                0x0000000000000090       0x30 obj/kern/console.o
 .debug_aranges
                0x00000000000000c0       0x30 obj/kern/monitor.o
 .debug_aranges
                0x00000000000000f0       0x30 obj/kern/pmap.o
 .debug_aranges
                0x0000000000000120       0x30 obj/kern/env.o
 .debug_aranges
                0x0000000000000150       0x30 obj/kern/kclock.o
 .debug_aranges
                0x0000000000000180       0x30 obj/kern/picirq.o
 .debug_aranges
                0x00000000000001b0       0x30 obj/kern/printf.o
 .debug_aranges
                0x00000000000001e0       0x30 obj/kern/trap.o
 .debug_aranges
                0x0000000000000210       0x30 obj/kern/trapentry.o
 .debug_aranges
                0x0000000000000240       0x30 obj/kern/sched.o
 .debug_aranges
                0x0000000000000270       0x30 obj/kern/syscall.o
 .debug_aranges
                0x00000000000002a0       0x30 obj/kern/kdebug.o
 .debug_aranges
                0x00000000000002d0       0x30 obj/kern/printfmt.o
 .debug_aranges
                0x0000000000000300       0x30 obj/kern/readline.o
 .debug_aranges
                0x0000000000000330       0x30 obj/kern/string.o
 .debug_aranges
                0x0000000000000360       0x30 obj/kern/libdwarf_rw.o
 .debug_aranges
                0x0000000000000390       0x30 obj/kern/libdwarf_frame.o
 .debug_aranges
                0x00000000000003c0       0x30 obj/kern/libdwarf_lineno.o
 .debug_aranges
                0x00000000000003f0       0x30 obj/kern/elf_rw.o
 .debug_aranges
                0x0000000000000420       0x30 obj/kern/mpentry.o
 .debug_aranges
                0x0000000000000450       0x30 obj/kern/mpconfig.o
 .debug_aranges
                0x0000000000000480       0x30 obj/kern/lapic.o
 .debug_aranges
                0x00000000000004b0       0x30 obj/kern/spinlock.o
 .debug_aranges
                0x00000000000004e0       0x30 obj/kern/pci.o
 .debug_aranges
                0x0000000000000510       0x30 obj/kern/time.o
 .debug_aranges
                0x0000000000000540       0x30 obj/vmm/ept.o
 .debug_aranges
                0x0000000000000570       0x30 obj/vmm/vmx.o
 .debug_aranges
                0x00000000000005a0       0x30 obj/vmm/vmexits.o

.debug_pubnames
 *(.debug_pubnames)

.debug_info     0x0000000000000000    0x1419b
 *(.debug_info .gnu.linkonce.wi.*)
 .debug_info    0x0000000000000000       0x7a obj/kern/bootstrap.o
 .debug_info    0x000000000000007a       0x76 obj/kern/entry.o
 .debug_info    0x00000000000000f0      0xb38 obj/kern/init.o
 .debug_info    0x0000000000000c28      0xca6 obj/kern/console.o
 .debug_info    0x00000000000018ce      0x72d obj/kern/monitor.o
 .debug_info    0x0000000000001ffb     0x2061 obj/kern/pmap.o
 .debug_info    0x000000000000405c     0x13df obj/kern/env.o
 .debug_info    0x000000000000543b      0x1ee obj/kern/kclock.o
 .debug_info    0x0000000000005629      0x483 obj/kern/picirq.o
 .debug_info    0x0000000000005aac      0x1ec obj/kern/printf.o
 .debug_info    0x0000000000005c98      0xff5 obj/kern/trap.o
 .debug_info    0x0000000000006c8d       0x7a obj/kern/trapentry.o
 .debug_info    0x0000000000006d07      0x8d7 obj/kern/sched.o
 .debug_info    0x00000000000075de      0xe27 obj/kern/syscall.o
 .debug_info    0x0000000000008405     0x11a1 obj/kern/kdebug.o
 .debug_info    0x00000000000095a6      0x5f5 obj/kern/printfmt.o
 .debug_info    0x0000000000009b9b      0x169 obj/kern/readline.o
 .debug_info    0x0000000000009d04      0x6a6 obj/kern/string.o
 .debug_info    0x000000000000a3aa     0x1417 obj/kern/libdwarf_rw.o
 .debug_info    0x000000000000b7c1     0x10b3 obj/kern/libdwarf_frame.o
 .debug_info    0x000000000000c874      0xddf obj/kern/libdwarf_lineno.o
 .debug_info    0x000000000000d653      0x96b obj/kern/elf_rw.o
 .debug_info    0x000000000000dfbe       0x78 obj/kern/mpentry.o
 .debug_info    0x000000000000e036      0xcac obj/kern/mpconfig.o
 .debug_info    0x000000000000ece2      0x8d3 obj/kern/lapic.o
 .debug_info    0x000000000000f5b5      0x9fb obj/kern/spinlock.o
 .debug_info    0x000000000000ffb0      0x718 obj/kern/pci.o
 .debug_info    0x00000000000106c8       0xaf obj/kern/time.o
 .debug_info    0x0000000000010777      0x680 obj/vmm/ept.o
 .debug_info    0x0000000000010df7     0x2780 obj/vmm/vmx.o
 .debug_info    0x0000000000013577      0xc24 obj/vmm/vmexits.o

.debug_abbrev   0x0000000000000000     0x34b8
 *(.debug_abbrev)
 .debug_abbrev  0x0000000000000000       0x14 obj/kern/bootstrap.o
 .debug_abbrev  0x0000000000000014       0x14 obj/kern/entry.o
 .debug_abbrev  0x0000000000000028      0x24e obj/kern/init.o
 .debug_abbrev  0x0000000000000276      0x2c8 obj/kern/console.o
 .debug_abbrev  0x000000000000053e      0x1c4 obj/kern/monitor.o
 .debug_abbrev  0x0000000000000702      0x2f0 obj/kern/pmap.o
 .debug_abbrev  0x00000000000009f2      0x31e obj/kern/env.o
 .debug_abbrev  0x0000000000000d10      0x102 obj/kern/kclock.o
 .debug_abbrev  0x0000000000000e12       0xf0 obj/kern/picirq.o
 .debug_abbrev  0x0000000000000f02       0xef obj/kern/printf.o
 .debug_abbrev  0x0000000000000ff1      0x32b obj/kern/trap.o
 .debug_abbrev  0x000000000000131c       0x14 obj/kern/trapentry.o
 .debug_abbrev  0x0000000000001330      0x1de obj/kern/sched.o
 .debug_abbrev  0x000000000000150e      0x235 obj/kern/syscall.o
 .debug_abbrev  0x0000000000001743      0x223 obj/kern/kdebug.o
 .debug_abbrev  0x0000000000001966      0x1e6 obj/kern/printfmt.o
 .debug_abbrev  0x0000000000001b4c       0xab obj/kern/readline.o
 .debug_abbrev  0x0000000000001bf7      0x115 obj/kern/string.o
 .debug_abbrev  0x0000000000001d0c      0x1f8 obj/kern/libdwarf_rw.o
 .debug_abbrev  0x0000000000001f04      0x22e obj/kern/libdwarf_frame.o
 .debug_abbrev  0x0000000000002132      0x214 obj/kern/libdwarf_lineno.o
 .debug_abbrev  0x0000000000002346      0x1e0 obj/kern/elf_rw.o
 .debug_abbrev  0x0000000000002526       0x14 obj/kern/mpentry.o
 .debug_abbrev  0x000000000000253a      0x22e obj/kern/mpconfig.o
 .debug_abbrev  0x0000000000002768      0x1e4 obj/kern/lapic.o
 .debug_abbrev  0x000000000000294c      0x24e obj/kern/spinlock.o
 .debug_abbrev  0x0000000000002b9a      0x1b5 obj/kern/pci.o
 .debug_abbrev  0x0000000000002d4f       0x78 obj/kern/time.o
 .debug_abbrev  0x0000000000002dc7      0x148 obj/vmm/ept.o
 .debug_abbrev  0x0000000000002f0f      0x3d5 obj/vmm/vmx.o
 .debug_abbrev  0x00000000000032e4      0x1d4 obj/vmm/vmexits.o

.debug_line     0x0000000000000000     0x45ee
 *(.debug_line)
 .debug_line    0x0000000000000000       0x99 obj/kern/bootstrap.o
 .debug_line    0x0000000000000099       0x51 obj/kern/entry.o
 .debug_line    0x00000000000000ea      0x1b3 obj/kern/init.o
 .debug_line    0x000000000000029d      0x2a3 obj/kern/console.o
 .debug_line    0x0000000000000540      0x13f obj/kern/monitor.o
 .debug_line    0x000000000000067f      0xccf obj/kern/pmap.o
 .debug_line    0x000000000000134e      0x46b obj/kern/env.o
 .debug_line    0x00000000000017b9       0x86 obj/kern/kclock.o
 .debug_line    0x000000000000183f       0xaa obj/kern/picirq.o
 .debug_line    0x00000000000018e9       0x7f obj/kern/printf.o
 .debug_line    0x0000000000001968      0x2c7 obj/kern/trap.o
 .debug_line    0x0000000000001c2f       0x71 obj/kern/trapentry.o
 .debug_line    0x0000000000001ca0      0x189 obj/kern/sched.o
 .debug_line    0x0000000000001e29      0x252 obj/kern/syscall.o
 .debug_line    0x000000000000207b      0x1a2 obj/kern/kdebug.o
 .debug_line    0x000000000000221d      0x282 obj/kern/printfmt.o
 .debug_line    0x000000000000249f       0x8c obj/kern/readline.o
 .debug_line    0x000000000000252b      0x1e8 obj/kern/string.o
 .debug_line    0x0000000000002713      0x45a obj/kern/libdwarf_rw.o
 .debug_line    0x0000000000002b6d      0x502 obj/kern/libdwarf_frame.o
 .debug_line    0x000000000000306f      0x208 obj/kern/libdwarf_lineno.o
 .debug_line    0x0000000000003277      0x229 obj/kern/elf_rw.o
 .debug_line    0x00000000000034a0       0x74 obj/kern/mpentry.o
 .debug_line    0x0000000000003514      0x1ea obj/kern/mpconfig.o
 .debug_line    0x00000000000036fe      0x167 obj/kern/lapic.o
 .debug_line    0x0000000000003865      0x16c obj/kern/spinlock.o
 .debug_line    0x00000000000039d1        0x0 obj/kern/e1000.o
 .debug_line    0x00000000000039d1      0x1e0 obj/kern/pci.o
 .debug_line    0x0000000000003bb1       0x4d obj/kern/time.o
 .debug_line    0x0000000000003bfe      0x16f obj/vmm/ept.o
 .debug_line    0x0000000000003d6d      0x680 obj/vmm/vmx.o
 .debug_line    0x00000000000043ed      0x201 obj/vmm/vmexits.o

.debug_frame
 *(.debug_frame)

.debug_str      0x0000000000000000     0x322b
 *(.debug_str)
 .debug_str     0x0000000000000000      0x647 obj/kern/init.o
                                        0x6e1 (size before relaxing)
 .debug_str     0x0000000000000647      0x149 obj/kern/console.o
                                        0x2d2 (size before relaxing)
 .debug_str     0x0000000000000790      0x127 obj/kern/monitor.o
                                        0x418 (size before relaxing)
 .debug_str     0x00000000000008b7      0x51c obj/kern/pmap.o
                                        0xb20 (size before relaxing)
 .debug_str     0x0000000000000dd3      0x2c1 obj/kern/env.o
                                        0x9c5 (size before relaxing)
 .debug_str     0x0000000000001094       0x31 obj/kern/kclock.o
                                        0x18f (size before relaxing)
 .debug_str     0x00000000000010c5       0x35 obj/kern/picirq.o
                                        0x1c2 (size before relaxing)
 .debug_str     0x00000000000010fa       0x17 obj/kern/printf.o
                                        0x1c4 (size before relaxing)
 .debug_str     0x0000000000001111      0x2fb obj/kern/trap.o
                                        0x94f (size before relaxing)
 .debug_str     0x000000000000140c       0x31 obj/kern/sched.o
                                        0x632 (size before relaxing)
 .debug_str     0x000000000000143d      0x285 obj/kern/syscall.o
                                        0x929 (size before relaxing)
 .debug_str     0x00000000000016c2      0x797 obj/kern/kdebug.o
                                        0xe3a (size before relaxing)
 .debug_str     0x0000000000001e59       0x93 obj/kern/printfmt.o
                                        0x364 (size before relaxing)
 .debug_str     0x0000000000001eec       0x27 obj/kern/readline.o
                                        0x200 (size before relaxing)
 .debug_str     0x0000000000001f13       0x9e obj/kern/string.o
                                        0x21d (size before relaxing)
 .debug_str     0x0000000000001fb1      0x25c obj/kern/libdwarf_rw.o
                                        0xc07 (size before relaxing)
 .debug_str     0x000000000000220d      0x44e obj/kern/libdwarf_frame.o
                                        0xb70 (size before relaxing)
 .debug_str     0x000000000000265b      0x1bd obj/kern/libdwarf_lineno.o
                                        0xbae (size before relaxing)
 .debug_str     0x0000000000002818      0x1b7 obj/kern/elf_rw.o
                                        0x473 (size before relaxing)
 .debug_str     0x00000000000029cf       0xc9 obj/kern/mpconfig.o
                                        0x691 (size before relaxing)
 .debug_str     0x0000000000002a98       0x59 obj/kern/lapic.o
                                        0x5db (size before relaxing)
 .debug_str     0x0000000000002af1       0x4d obj/kern/spinlock.o
                                        0x66f (size before relaxing)
 .debug_str     0x0000000000002b3e        0x0 obj/kern/e1000.o
 .debug_str     0x0000000000002b3e      0x1c5 obj/kern/pci.o
                                        0x362 (size before relaxing)
 .debug_str     0x0000000000002d03       0x26 obj/kern/time.o
                                        0x11e (size before relaxing)
 .debug_str     0x0000000000002d29       0xb0 obj/vmm/ept.o
                                        0x30b (size before relaxing)
 .debug_str     0x0000000000002dd9      0x349 obj/vmm/vmx.o
                                        0xa08 (size before relaxing)
 .debug_str     0x0000000000003122      0x109 obj/vmm/vmexits.o
                                        0x644 (size before relaxing)

.debug_loc      0x0000000000000000     0x65f4
 *(.debug_loc)
 .debug_loc     0x0000000000000000      0x264 obj/kern/init.o
 .debug_loc     0x0000000000000264      0x6c0 obj/kern/console.o
 .debug_loc     0x0000000000000924      0x1e0 obj/kern/monitor.o
 .debug_loc     0x0000000000000b04      0xc00 obj/kern/pmap.o
 .debug_loc     0x0000000000001704      0x6f8 obj/kern/env.o
 .debug_loc     0x0000000000001dfc       0xc0 obj/kern/kclock.o
 .debug_loc     0x0000000000001ebc      0x120 obj/kern/picirq.o
 .debug_loc     0x0000000000001fdc      0x120 obj/kern/printf.o
 .debug_loc     0x00000000000020fc      0x34c obj/kern/trap.o
 .debug_loc     0x0000000000002448      0x1e0 obj/kern/sched.o
 .debug_loc     0x0000000000002628      0x684 obj/kern/syscall.o
 .debug_loc     0x0000000000002cac       0xc0 obj/kern/kdebug.o
 .debug_loc     0x0000000000002d6c      0x300 obj/kern/printfmt.o
 .debug_loc     0x000000000000306c       0x60 obj/kern/readline.o
 .debug_loc     0x00000000000030cc      0x660 obj/kern/string.o
 .debug_loc     0x000000000000372c      0x900 obj/kern/libdwarf_rw.o
 .debug_loc     0x000000000000402c      0x5a0 obj/kern/libdwarf_frame.o
 .debug_loc     0x00000000000045cc      0x180 obj/kern/libdwarf_lineno.o
 .debug_loc     0x000000000000474c      0x240 obj/kern/elf_rw.o
 .debug_loc     0x000000000000498c      0x1e0 obj/kern/mpconfig.o
 .debug_loc     0x0000000000004b6c      0x2a0 obj/kern/lapic.o
 .debug_loc     0x0000000000004e0c      0x240 obj/kern/spinlock.o
 .debug_loc     0x000000000000504c      0x3c0 obj/kern/pci.o
 .debug_loc     0x000000000000540c      0x120 obj/kern/time.o
 .debug_loc     0x000000000000552c      0x4a4 obj/vmm/ept.o
 .debug_loc     0x00000000000059d0      0x7a4 obj/vmm/vmx.o
 .debug_loc     0x0000000000006174      0x480 obj/vmm/vmexits.o

.comment        0x0000000000000000       0x2b
 .comment       0x0000000000000000       0x2b obj/kern/init.o
                                         0x2c (size before relaxing)
 .comment       0x0000000000000000       0x2c obj/kern/console.o
 .comment       0x0000000000000000       0x2c obj/kern/monitor.o
 .comment       0x0000000000000000       0x2c obj/kern/pmap.o
 .comment       0x0000000000000000       0x2c obj/kern/env.o
 .comment       0x0000000000000000       0x2c obj/kern/kclock.o
 .comment       0x0000000000000000       0x2c obj/kern/picirq.o
 .comment       0x0000000000000000       0x2c obj/kern/printf.o
 .comment       0x0000000000000000       0x2c obj/kern/trap.o
 .comment       0x0000000000000000       0x2c obj/kern/sched.o
 .comment       0x0000000000000000       0x2c obj/kern/syscall.o
 .comment       0x0000000000000000       0x2c obj/kern/kdebug.o
 .comment       0x0000000000000000       0x2c obj/kern/printfmt.o
 .comment       0x0000000000000000       0x2c obj/kern/readline.o
 .comment       0x0000000000000000       0x2c obj/kern/string.o
 .comment       0x0000000000000000       0x2c obj/kern/libdwarf_rw.o
 .comment       0x0000000000000000       0x2c obj/kern/libdwarf_frame.o
 .comment       0x0000000000000000       0x2c obj/kern/libdwarf_lineno.o
 .comment       0x0000000000000000       0x2c obj/kern/elf_rw.o
 .comment       0x0000000000000000       0x2c obj/kern/mpconfig.o
 .comment       0x0000000000000000       0x2c obj/kern/lapic.o
 .comment       0x0000000000000000       0x2c obj/kern/spinlock.o
 .comment       0x0000000000000000       0x2c obj/kern/e1000.o
 .comment       0x0000000000000000       0x2c obj/kern/pci.o
 .comment       0x0000000000000000       0x2c obj/kern/time.o
 .comment       0x0000000000000000       0x2c obj/vmm/ept.o
 .comment       0x0000000000000000       0x2c obj/vmm/vmx.o
 .comment       0x0000000000000000       0x2c obj/vmm/vmexits.o

.debug_macinfo
 *(.debug_macinfo)

.debug_weaknames
 *(.debug_weaknames)

.debug_funcnames
 *(.debug_funcnames)

.debug_typenames
 *(.debug_typenames)

.debug_varnames
 *(.debug_varnames)

/DISCARD/
 *(.eh_frame .note.GNU-stack)
LOAD obj/kern/entry.o
LOAD obj/kern/bootstrap.o
LOAD obj/kern/init.o
LOAD obj/kern/console.o
LOAD obj/kern/monitor.o
LOAD obj/kern/pmap.o
LOAD obj/kern/env.o
LOAD obj/kern/kclock.o
LOAD obj/kern/picirq.o
LOAD obj/kern/printf.o
LOAD obj/kern/trap.o
LOAD obj/kern/trapentry.o
LOAD obj/kern/sched.o
LOAD obj/kern/syscall.o
LOAD obj/kern/kdebug.o
LOAD obj/kern/printfmt.o
LOAD obj/kern/readline.o
LOAD obj/kern/string.o
LOAD obj/kern/libdwarf_rw.o
LOAD obj/kern/libdwarf_frame.o
LOAD obj/kern/libdwarf_lineno.o
LOAD obj/kern/elf_rw.o
LOAD obj/kern/mpentry.o
LOAD obj/kern/mpconfig.o
LOAD obj/kern/lapic.o
LOAD obj/kern/spinlock.o
LOAD obj/kern/e1000.o
LOAD obj/kern/pci.o
LOAD obj/kern/time.o
LOAD obj/vmm/ept.o
LOAD obj/vmm/vmx.o
LOAD obj/vmm/vmexits.o
LOAD /usr/lib/gcc/x86_64-linux-gnu/4.8/libgcc.a
TARGET(binary)
LOAD obj/user/hello
LOAD obj/user/idle
LOAD obj/user/testfile
LOAD obj/user/writemotd
LOAD obj/user/icode
LOAD obj/fs/fs
LOAD obj/user/testtime
LOAD obj/user/httpd
LOAD obj/user/echosrv
LOAD obj/user/echotest
LOAD obj/net/testoutput
LOAD obj/net/testinput
LOAD obj/net/ns
LOAD obj/user/testpteshare
LOAD obj/user/testfdsharing
LOAD obj/user/testpipe
LOAD obj/user/testpiperace
LOAD obj/user/testpiperace2
LOAD obj/user/primespipe
LOAD obj/user/testkbd
LOAD obj/user/testshell
OUTPUT(obj/kern/kernel elf64-x86-64)
