
Allocating common symbols
Common symbol       size              file

global_rules_shadow
                    0x630             obj/kern/libdwarf_frame.o
ismp                0x4               obj/kern/mpconfig.o
lapicaddr           0x8               obj/kern/lapic.o
ts                  0x68              obj/kern/trap.o
end_debug           0x8               obj/kern/init.o
mydebug             0x58              obj/kern/kdebug.o
panicstr            0x8               obj/kern/init.o
boot_cr3            0x8               obj/kern/pmap.o
mpentry_kstack      0x8               obj/kern/init.o
cpus                0x88              obj/kern/mpconfig.o
global_std_op       0x200             obj/kern/libdwarf_lineno.o
lapic               0x8               obj/kern/lapic.o
bootcpu             0x8               obj/kern/mpconfig.o
global_rules        0x630             obj/kern/libdwarf_frame.o
boot_pml4e          0x8               obj/kern/pmap.o
ncpu                0x4               obj/kern/mpconfig.o
npages              0x8               obj/kern/pmap.o
pages               0x8               obj/kern/pmap.o
percpu_kstacks      0x10000           obj/kern/mpconfig.o

Discarded input sections

 .note.GNU-stack
                0x0000000000000000        0x0 obj/kern/init.o
 .eh_frame      0x0000000000000000       0xd0 obj/kern/init.o
 .note.GNU-stack
                0x0000000000000000        0x0 obj/kern/console.o
 .eh_frame      0x0000000000000000      0x258 obj/kern/console.o
 .note.GNU-stack
                0x0000000000000000        0x0 obj/kern/monitor.o
 .eh_frame      0x0000000000000000       0xb8 obj/kern/monitor.o
 .note.GNU-stack
                0x0000000000000000        0x0 obj/kern/pmap.o
 .eh_frame      0x0000000000000000      0x410 obj/kern/pmap.o
 .note.GNU-stack
                0x0000000000000000        0x0 obj/kern/env.o
 .eh_frame      0x0000000000000000      0x268 obj/kern/env.o
 .note.GNU-stack
                0x0000000000000000        0x0 obj/kern/kclock.o
 .eh_frame      0x0000000000000000       0x58 obj/kern/kclock.o
 .note.GNU-stack
                0x0000000000000000        0x0 obj/kern/picirq.o
 .eh_frame      0x0000000000000000       0x78 obj/kern/picirq.o
 .note.GNU-stack
                0x0000000000000000        0x0 obj/kern/printf.o
 .eh_frame      0x0000000000000000       0x78 obj/kern/printf.o
 .note.GNU-stack
                0x0000000000000000        0x0 obj/kern/trap.o
 .eh_frame      0x0000000000000000      0x118 obj/kern/trap.o
 .note.GNU-stack
                0x0000000000000000        0x0 obj/kern/sched.o
 .eh_frame      0x0000000000000000       0x58 obj/kern/sched.o
 .note.GNU-stack
                0x0000000000000000        0x0 obj/kern/syscall.o
 .eh_frame      0x0000000000000000      0x228 obj/kern/syscall.o
 .note.GNU-stack
                0x0000000000000000        0x0 obj/kern/kdebug.o
 .eh_frame      0x0000000000000000       0x60 obj/kern/kdebug.o
 .note.GNU-stack
                0x0000000000000000        0x0 obj/kern/printfmt.o
 .eh_frame      0x0000000000000000      0x128 obj/kern/printfmt.o
 .note.GNU-stack
                0x0000000000000000        0x0 obj/kern/readline.o
 .eh_frame      0x0000000000000000       0x38 obj/kern/readline.o
 .note.GNU-stack
                0x0000000000000000        0x0 obj/kern/string.o
 .eh_frame      0x0000000000000000      0x238 obj/kern/string.o
 .note.GNU-stack
                0x0000000000000000        0x0 obj/kern/libdwarf_rw.o
 .eh_frame      0x0000000000000000      0x320 obj/kern/libdwarf_rw.o
 .note.GNU-stack
                0x0000000000000000        0x0 obj/kern/libdwarf_frame.o
 .eh_frame      0x0000000000000000      0x208 obj/kern/libdwarf_frame.o
 .note.GNU-stack
                0x0000000000000000        0x0 obj/kern/libdwarf_lineno.o
 .eh_frame      0x0000000000000000       0xb0 obj/kern/libdwarf_lineno.o
 .note.GNU-stack
                0x0000000000000000        0x0 obj/kern/elf_rw.o
 .eh_frame      0x0000000000000000       0xd8 obj/kern/elf_rw.o
 .note.GNU-stack
                0x0000000000000000        0x0 obj/kern/mpconfig.o
 .eh_frame      0x0000000000000000       0xc0 obj/kern/mpconfig.o
 .note.GNU-stack
                0x0000000000000000        0x0 obj/kern/lapic.o
 .eh_frame      0x0000000000000000       0xf8 obj/kern/lapic.o
 .note.GNU-stack
                0x0000000000000000        0x0 obj/kern/spinlock.o
 .eh_frame      0x0000000000000000       0xf0 obj/kern/spinlock.o
 .note.GNU-stack
                0x0000000000000000        0x0 obj/kern/e1000.o
 .note.GNU-stack
                0x0000000000000000        0x0 obj/kern/pci.o
 .eh_frame      0x0000000000000000      0x158 obj/kern/pci.o
 .note.GNU-stack
                0x0000000000000000        0x0 obj/kern/time.o
 .eh_frame      0x0000000000000000       0x78 obj/kern/time.o
 .note.GNU-stack
                0x0000000000000000        0x0 obj/vmm/ept.o
 .eh_frame      0x0000000000000000      0x1b8 obj/vmm/ept.o
 .note.GNU-stack
                0x0000000000000000        0x0 obj/vmm/vmx.o
 .eh_frame      0x0000000000000000      0x2e0 obj/vmm/vmx.o
 .note.GNU-stack
                0x0000000000000000        0x0 obj/vmm/vmexits.o
 .eh_frame      0x0000000000000000      0x1b8 obj/vmm/vmexits.o

Memory Configuration

Name             Origin             Length             Attributes
*default*        0x0000000000000000 0xffffffffffffffff

Linker script and memory map

                0x0000000000100000                . = 0x100000

.bootstrap      0x0000000000100000     0x7004
 obj/kern/bootstrap.o(.text .data .bss)
 .text          0x0000000000100000      0x115 obj/kern/bootstrap.o
                0x0000000000100000                _head64
                0x00000000001000e5                jumpto_longmode
 *fill*         0x0000000000100115      0xeeb 
 .data          0x0000000000101000     0x6004 obj/kern/bootstrap.o
                0x0000000000102000                pml4virt
                0x0000000000107000                multiboot_info
 .bss           0x0000000000107004        0x0 obj/kern/bootstrap.o
                0x0000008004200000                . = 0x8004200000

.text           0x0000008004200000    0x1629b load address 0x0000000000200000
 *(EXCLUDE_FILE(obj/kern/bootstrap.o) .text .stub .text.* .gnu.linkonce.t.*)
 .text          0x0000008004200000       0x58 obj/kern/entry.o
                0x000000800420000c                entry
                0x000000000020000c                _start
 .text          0x0000008004200058      0x689 obj/kern/init.o
                0x000000800420007d                i386_init
                0x000000800420040d                mp_main
                0x00000080042004bd                _panic
                0x00000080042005f4                _warn
 .text          0x00000080042006e1      0xb58 obj/kern/console.o
                0x0000008004200771                serial_intr
                0x0000008004200fc0                kbd_intr
                0x000000800420109a                cons_getc
                0x000000800420118e                cons_init
                0x00000080042011e7                cputchar
                0x0000008004201205                getchar
                0x0000008004201227                iscons
 .text          0x0000008004201239      0x4ff obj/kern/monitor.o
                0x0000008004201239                mon_help
                0x00000080042012d0                mon_kerninfo
                0x00000080042012ea                mon_backtrace
                0x0000008004201697                monitor
 .text          0x0000008004201738     0x50cc obj/kern/pmap.o
                0x000000800420208e                x64_vm_init
                0x00000080042024d9                page_init
                0x0000008004202674                page_alloc
                0x0000008004202744                page_free
                0x0000008004202805                page_decref
                0x0000008004202846                pml4e_walk
                0x00000080042029e3                pdpe_walk
                0x0000008004202b1f                pgdir_walk
                0x0000008004202c75                page_insert
                0x0000008004202c93                page_lookup
                0x0000008004202cae                page_remove
                0x0000008004202cc0                tlb_invalidate
                0x0000008004202d8f                mmio_map_region
                0x0000008004202dc9                user_mem_check
                0x0000008004202de7                user_mem_assert
 .text          0x0000008004206804     0x139b obj/kern/env.o
                0x000000800420694b                envid2env
                0x0000008004206abb                env_init
                0x0000008004206acd                env_init_percpu
                0x0000008004206b96                env_guest_alloc
                0x0000008004206fd2                env_guest_free
                0x0000008004207319                env_alloc
                0x00000080042074dd                env_create
                0x00000080042074ee                env_free
                0x000000800420797a                env_destroy
                0x0000008004207a8d                env_pop_tf
                0x0000008004207b69                env_run
 .text          0x0000008004207b9f       0x7c obj/kern/kclock.o
                0x0000008004207b9f                mc146818_read
                0x0000008004207bdb                mc146818_write
 .text          0x0000008004207c1b      0x273 obj/kern/picirq.o
                0x0000008004207c1b                pic_init
                0x0000008004207d6d                irq_setmask_8259A
                0x0000008004207e5e                irq_eoi
 .text          0x0000008004207e8e      0x165 obj/kern/printf.o
                0x0000008004207ebc                vcprintf
                0x0000008004207f1b                cprintf
 .text          0x0000008004207ff3      0xce5 obj/kern/trap.o
                0x0000008004208052                trap_init
                0x000000800420808b                trap_init_percpu
                0x00000080042082c6                print_trapframe
                0x00000080042085d7                print_regs
                0x00000080042088fe                trap
                0x0000008004208bfd                page_fault_handler
 .text          0x0000008004208cd8        0x0 obj/kern/trapentry.o
 .text          0x0000008004208cd8      0x23e obj/kern/sched.o
                0x0000008004208d79                sched_yield
 .text          0x0000008004208f16      0x449 obj/kern/syscall.o
                0x0000008004209315                syscall
 .text          0x000000800420935f      0x96a obj/kern/kdebug.o
                0x000000800420935f                list_func_die
                0x00000080042098ca                debuginfo_rip
 .text          0x0000008004209cc9      0xa71 obj/kern/printfmt.o
                0x0000008004209fa4                vprintfmt
                0x000000800420a4bc                printfmt
                0x000000800420a5bc                vsnprintf
                0x000000800420a659                snprintf
 .text          0x000000800420a73a      0x155 obj/kern/readline.o
                0x000000800420a73a                readline
 .text          0x000000800420a88f      0x7c5 obj/kern/string.o
                0x000000800420a88f                strlen
                0x000000800420a8bd                strnlen
                0x000000800420a8fb                strcpy
                0x000000800420a93e                strcat
                0x000000800420a98d                strncpy
                0x000000800420a9ed                strlcpy
                0x000000800420aa5d                strcmp
                0x000000800420aab0                strncmp
                0x000000800420ab21                strchr
                0x000000800420ab5d                strfind
                0x000000800420ab94                memset
                0x000000800420ac1f                memmove
                0x000000800420ad36                memcpy
                0x000000800420ad6a                memcmp
                0x000000800420adde                memfind
                0x000000800420ae27                strtol
                0x000000800420afb9                strstr
 .text          0x000000800420b054     0x1f4d obj/kern/libdwarf_rw.o
                0x000000800420b054                _dwarf_read_lsb
                0x000000800420b180                _dwarf_decode_lsb
                0x000000800420b2a1                _dwarf_read_msb
                0x000000800420b453                _dwarf_decode_msb
                0x000000800420b602                _dwarf_read_sleb128
                0x000000800420b6a6                _dwarf_read_uleb128
                0x000000800420b725                _dwarf_decode_sleb128
                0x000000800420b7b7                _dwarf_decode_uleb128
                0x000000800420b824                _dwarf_read_string
                0x000000800420b8b3                _dwarf_read_block
                0x000000800420b8fc                _dwarf_elf_get_byte_order
                0x000000800420b96a                _dwarf_elf_get_pointer_size
                0x000000800420b9d4                _dwarf_init
                0x000000800420bab6                _get_next_cu
                0x000000800420bc51                print_cu
                0x000000800420bc88                _dwarf_abbrev_parse
                0x000000800420bf0b                _dwarf_abbrev_find
                0x000000800420c03c                _dwarf_attr_init
                0x000000800420c6cd                dwarf_search_die_within_cu
                0x000000800420c9c6                dwarf_offdie
                0x000000800420cac9                _dwarf_attr_find
                0x000000800420cb5c                dwarf_siblingof
                0x000000800420cda0                dwarf_child
                0x000000800420cf44                _dwarf_find_section_enhanced
 .text          0x000000800420cfa1     0x25a5 obj/kern/libdwarf_frame.o
                0x000000800420cfa1                _dwarf_frame_params_init
                0x000000800420cfe1                dwarf_get_fde_at_pc
                0x000000800420d121                _dwarf_frame_regtable_copy
                0x000000800420e10d                _dwarf_frame_get_internal_table
                0x000000800420e3c5                dwarf_get_fde_info_for_all_regs
                0x000000800420f18a                _dwarf_frame_interal_table_init
                0x000000800420f43a                dwarf_set_frame_cfa_value
                0x000000800420f46a                _dwarf_frame_section_load_eh
                0x000000800420f4a8                dwarf_init_eh_section
 .text          0x000000800420f546      0xd4b obj/kern/libdwarf_lineno.o
                0x000000800420fba2                _dwarf_lineno_init
                0x0000008004210116                dwarf_srclines
 .text          0x0000008004210291      0xd12 obj/kern/elf_rw.o
                0x0000008004210291                _dwarf_find_section
                0x0000008004210311                find_debug_sections
                0x00000080042105da                read_section_headers
                0x0000008004210d19                readseg
                0x0000008004210e7d                waitdisk
                0x0000008004210ea9                readsect
 *fill*         0x0000008004210fa3        0x5 
 .text          0x0000008004210fa8       0xe7 obj/kern/mpentry.o
                0x0000008004210fa8                mpentry_start
                0x000000800421108e                mpentry_end
 .text          0x000000800421108f      0x835 obj/kern/mpconfig.o
                0x0000008004211565                mp_init
 .text          0x00000080042118c4      0x473 obj/kern/lapic.o
                0x0000008004211906                lapic_init
                0x0000008004211afd                cpunum
                0x0000008004211b32                lapic_eoi
                0x0000008004211b6d                lapic_startap
                0x0000008004211cf0                lapic_ipi
 .text          0x0000008004211d37      0x429 obj/kern/spinlock.o
                0x0000008004211e54                __spin_initlock
                0x0000008004211e88                spin_lock
                0x0000008004211f5f                spin_unlock
 .text          0x0000008004212160        0x0 obj/kern/e1000.o
 .text          0x0000008004212160      0xafa obj/kern/pci.o
                0x000000800421299d                pci_func_enable
                0x0000008004212c1e                pci_init
 .text          0x0000008004212c5a       0xa3 obj/kern/time.o
                0x0000008004212c5a                time_init
                0x0000008004212c70                time_tick
                0x0000008004212ce2                time_msec
 .text          0x0000008004212cfd      0x646 obj/vmm/ept.o
                0x0000008004212ebb                ept_gpa2hva
                0x0000008004213173                free_guest_mem
                0x0000008004213199                ept_page_insert
                0x00000080042131da                ept_map_hva2gpa
                0x000000800421321f                ept_alloc_static
 .text          0x0000008004213343     0x2721 obj/vmm/vmx.o
                0x0000008004213559                check_fixed_bits
                0x0000008004213622                vmx_init_vmcs
                0x0000008004213728                vmx_init_vmxon
                0x0000008004213b5d                vmcs_host_init
                0x0000008004213f2b                vmcs_guest_init
                0x0000008004214769                vmx_read_capability_msr
                0x0000008004214e1a                vmcs_dump_cpu
                0x0000008004214f5b                vmexit
                0x00000080042153c4                asm_vmrun
                0x000000800421553c                msr_setup
                0x000000800421564f                bitmap_setup
                0x0000008004215791                vmx_vmrun
 .text          0x0000008004215a64      0x837 obj/vmm/vmexits.o
                0x0000008004215b7d                find_msr_in_region
                0x0000008004215bd4                handle_rdmsr
                0x0000008004215cdc                handle_wrmsr
                0x0000008004215e4f                handle_eptviolation
                0x0000008004216004                handle_ioinstr
                0x00000080042161c7                handle_cpuid
                0x00000080042161f9                handle_vmcall
                0x000000800421629b                PROVIDE (etext, .)

.iplt           0x00000080042162a0        0x0 load address 0x00000000002162a0
 .iplt          0x0000000000000000        0x0 obj/kern/bootstrap.o

.rodata         0x00000080042162a0     0x311c load address 0x00000000002162a0
 *(EXCLUDE_FILE(obj/kern/bootstrap.o) .rodata .rodata.* .gnu.linkonce.r.*)
 .rodata        0x00000080042162a0       0xce obj/kern/init.o
 .rodata        0x000000800421636e       0x29 obj/kern/console.o
 *fill*         0x0000008004216397        0x1 
 .rodata        0x0000008004216398      0x151 obj/kern/monitor.o
 *fill*         0x00000080042164e9        0x7 
 .rodata        0x00000080042164f0      0xe84 obj/kern/pmap.o
 *fill*         0x0000008004217374        0x4 
 .rodata        0x0000008004217378       0xd0 obj/kern/env.o
 .rodata        0x0000008004217448       0x1a obj/kern/picirq.o
 *fill*         0x0000008004217462       0x1e 
 .rodata        0x0000008004217480      0x4a0 obj/kern/trap.o
 .rodata        0x0000008004217920       0x72 obj/kern/sched.o
 *fill*         0x0000008004217992        0x6 
 .rodata        0x0000008004217998      0x1a0 obj/kern/syscall.o
 *fill*         0x0000008004217b38        0x8 
 .rodata        0x0000008004217b40      0x390 obj/kern/kdebug.o
 *fill*         0x0000008004217ed0       0x10 
 .rodata        0x0000008004217ee0      0x4c8 obj/kern/printfmt.o
 .rodata        0x00000080042183a8       0x13 obj/kern/readline.o
 *fill*         0x00000080042183bb        0x5 
 .rodata        0x00000080042183c0      0x1ab obj/kern/libdwarf_rw.o
 *fill*         0x000000800421856b        0x5 
 .rodata        0x0000008004218570      0x200 obj/kern/libdwarf_frame.o
 .rodata        0x0000008004218770       0xc3 obj/kern/libdwarf_lineno.o
 .rodata        0x0000008004218833       0xa4 obj/kern/elf_rw.o
 *fill*         0x00000080042188d7        0x1 
 .rodata        0x00000080042188d8      0x1f9 obj/kern/mpconfig.o
 *fill*         0x0000008004218ad1        0x7 
 .rodata        0x0000008004218ad8       0x30 obj/kern/lapic.o
 .rodata        0x0000008004218b08       0xb1 obj/kern/spinlock.o
 *fill*         0x0000008004218bb9        0x7 
 .rodata        0x0000008004218bc0      0x287 obj/kern/pci.o
 .rodata        0x0000008004218e47       0x27 obj/kern/time.o
 *fill*         0x0000008004218e6e        0x2 
 .rodata        0x0000008004218e70       0xd1 obj/vmm/ept.o
 *fill*         0x0000008004218f41        0x7 
 .rodata        0x0000008004218f48      0x375 obj/vmm/vmx.o
 *fill*         0x00000080042192bd        0x3 
 .rodata        0x00000080042192c0       0xfc obj/vmm/vmexits.o

.rela.dyn       0x00000080042193c0        0x0 load address 0x00000000002193c0
 .rela.iplt     0x0000000000000000        0x0 obj/kern/bootstrap.o
 .rela.text     0x0000000000000000        0x0 obj/kern/bootstrap.o
 .rela.data     0x0000000000000000        0x0 obj/kern/bootstrap.o
                0x000000800421a000                . = ALIGN (0x1000)

.data           0x000000800421a000   0x240d96 load address 0x000000000021a000
 *(EXCLUDE_FILE(obj/kern/bootstrap.o) .data)
 .data          0x000000800421a000    0x10042 obj/kern/entry.o
                0x000000800421a000                bootstack
                0x000000800422a000                kernel_64
                0x000000800422a000                bootstacktop
                0x000000800422a038                gdtdesc_64
 .data          0x000000800422a042        0x0 obj/kern/init.o
 *fill*         0x000000800422a042       0x1e 
 .data          0x000000800422a060      0x520 obj/kern/console.o
 .data          0x000000800422a580       0x48 obj/kern/monitor.o
 .data          0x000000800422a5c8        0x8 obj/kern/pmap.o
 *fill*         0x000000800422a5d0       0x10 
 .data          0x000000800422a5e0       0x42 obj/kern/env.o
                0x000000800422a5e0                gdt
                0x000000800422a618                gdt_pd
 .data          0x000000800422a622        0x0 obj/kern/kclock.o
 .data          0x000000800422a622        0x2 obj/kern/picirq.o
                0x000000800422a622                irq_mask_8259A
 .data          0x000000800422a624        0x0 obj/kern/printf.o
 .data          0x000000800422a624        0x0 obj/kern/trap.o
 .data          0x000000800422a624        0x0 obj/kern/trapentry.o
 .data          0x000000800422a624        0x0 obj/kern/sched.o
 .data          0x000000800422a624        0x0 obj/kern/syscall.o
 *fill*         0x000000800422a624        0x4 
 .data          0x000000800422a628        0x8 obj/kern/kdebug.o
                0x000000800422a628                dbg
 .data          0x000000800422a630        0x0 obj/kern/printfmt.o
 .data          0x000000800422a630        0x0 obj/kern/readline.o
 .data          0x000000800422a630        0x0 obj/kern/string.o
 .data          0x000000800422a630        0x0 obj/kern/libdwarf_rw.o
 *fill*         0x000000800422a630       0x10 
 .data          0x000000800422a640       0x24 obj/kern/libdwarf_frame.o
                0x000000800422a640                debug_frame_sec
                0x000000800422a660                is_eh_frame
 .data          0x000000800422a664        0x0 obj/kern/libdwarf_lineno.o
 *fill*         0x000000800422a664       0x1c 
 .data          0x000000800422a680       0xa0 obj/kern/elf_rw.o
                0x000000800422a680                section_info
 .data          0x000000800422a720        0x0 obj/kern/mpentry.o
 .data          0x000000800422a720        0x0 obj/kern/mpconfig.o
 .data          0x000000800422a720        0x0 obj/kern/lapic.o
 .data          0x000000800422a720       0x68 obj/kern/spinlock.o
                0x000000800422a720                kernel_lock
 .data          0x000000800422a788        0x0 obj/kern/e1000.o
 *fill*         0x000000800422a788       0x18 
 .data          0x000000800422a7a0       0x78 obj/kern/pci.o
                0x000000800422a7c0                pci_attach_class
 .data          0x000000800422a818        0x0 obj/kern/time.o
 .data          0x000000800422a818        0x0 obj/vmm/ept.o
 .data          0x000000800422a818        0x0 obj/vmm/vmx.o
 .data          0x000000800422a818        0x0 obj/vmm/vmexits.o
 .data          0x000000800422a818    0x14806 obj/user/hello
                0x000000800422a818                _binary_obj_user_hello_start
                0x000000800423f01e                _binary_obj_user_hello_end
 .data          0x000000800423f01e    0x14315 obj/user/idle
                0x000000800423f01e                _binary_obj_user_idle_start
                0x0000008004253333                _binary_obj_user_idle_end
 .data          0x0000008004253333    0x15c4b obj/user/testfile
                0x0000008004253333                _binary_obj_user_testfile_start
                0x0000008004268f7e                _binary_obj_user_testfile_end
 .data          0x0000008004268f7e    0x153a2 obj/user/writemotd
                0x0000008004268f7e                _binary_obj_user_writemotd_start
                0x000000800427e320                _binary_obj_user_writemotd_end
 .data          0x000000800427e320    0x1682c obj/user/icode
                0x000000800427e320                _binary_obj_user_icode_start
                0x0000008004294b4c                _binary_obj_user_icode_end
 .data          0x0000008004294b4c    0x25bb7 obj/fs/fs
                0x0000008004294b4c                _binary_obj_fs_fs_start
                0x00000080042ba703                _binary_obj_fs_fs_end
 .data          0x00000080042ba703    0x1552f obj/user/testtime
                0x00000080042ba703                _binary_obj_user_testtime_start
                0x00000080042cfc32                _binary_obj_user_testtime_end
 .data          0x00000080042cfc32    0x186c7 obj/user/httpd
                0x00000080042cfc32                _binary_obj_user_httpd_start
                0x00000080042e82f9                _binary_obj_user_httpd_end
 .data          0x00000080042e82f9    0x16250 obj/user/echosrv
                0x00000080042e82f9                _binary_obj_user_echosrv_start
                0x00000080042fe549                _binary_obj_user_echosrv_end
 .data          0x00000080042fe549    0x1618f obj/user/echotest
                0x00000080042fe549                _binary_obj_user_echotest_start
                0x00000080043146d8                _binary_obj_user_echotest_end
 .data          0x00000080043146d8    0x1658a obj/net/testoutput
                0x00000080043146d8                _binary_obj_net_testoutput_start
                0x000000800432ac62                _binary_obj_net_testoutput_end
 .data          0x000000800432ac62    0x185cc obj/net/testinput
                0x000000800432ac62                _binary_obj_net_testinput_start
                0x000000800434322e                _binary_obj_net_testinput_end
 .data          0x000000800434322e    0x61dd4 obj/net/ns
                0x000000800434322e                _binary_obj_net_ns_start
                0x00000080043a5002                _binary_obj_net_ns_end
 .data          0x00000080043a5002    0x188cf obj/user/testpteshare
                0x00000080043a5002                _binary_obj_user_testpteshare_start
                0x00000080043bd8d1                _binary_obj_user_testpteshare_end
 .data          0x00000080043bd8d1    0x1641d obj/user/testfdsharing
                0x00000080043bd8d1                _binary_obj_user_testfdsharing_start
                0x00000080043d3cee                _binary_obj_user_testfdsharing_end
 .data          0x00000080043d3cee    0x168a3 obj/user/testpipe
                0x00000080043d3cee                _binary_obj_user_testpipe_start
                0x00000080043ea591                _binary_obj_user_testpipe_end
 .data          0x00000080043ea591    0x161b7 obj/user/testpiperace
                0x00000080043ea591                _binary_obj_user_testpiperace_start
                0x0000008004400748                _binary_obj_user_testpiperace_end
 .data          0x0000008004400748    0x16188 obj/user/testpiperace2
                0x0000008004400748                _binary_obj_user_testpiperace2_start
                0x00000080044168d0                _binary_obj_user_testpiperace2_end
 .data          0x00000080044168d0    0x15c37 obj/user/primespipe
                0x00000080044168d0                _binary_obj_user_primespipe_start
                0x000000800442c507                _binary_obj_user_primespipe_end
 .data          0x000000800442c507    0x15f6b obj/user/testkbd
                0x000000800442c507                _binary_obj_user_testkbd_start
                0x0000008004442472                _binary_obj_user_testkbd_end
 .data          0x0000008004442472    0x18924 obj/user/testshell
                0x0000008004442472                _binary_obj_user_testshell_start
                0x000000800445ad96                _binary_obj_user_testshell_end
                0x000000800445ad96                PROVIDE (edata, .)

.igot.plt       0x000000800445ad98        0x0 load address 0x000000000045ad98
 .igot.plt      0x0000000000000000        0x0 obj/kern/bootstrap.o

.bss            0x000000800445b000    0x14010 load address 0x000000000045b000
 *(EXCLUDE_FILE(obj/kern/bootstrap.o) .bss)
 .bss           0x000000800445b000        0x0 obj/kern/entry.o
 .bss           0x000000800445b000        0x0 obj/kern/init.o
 .bss           0x000000800445b000      0x22c obj/kern/console.o
 .bss           0x000000800445b22c        0x0 obj/kern/monitor.o
 *fill*         0x000000800445b22c        0x4 
 .bss           0x000000800445b230       0x20 obj/kern/pmap.o
 .bss           0x000000800445b250       0x10 obj/kern/env.o
                0x000000800445b250                envs
 .bss           0x000000800445b260        0x0 obj/kern/kclock.o
 .bss           0x000000800445b260        0x1 obj/kern/picirq.o
 .bss           0x000000800445b261        0x0 obj/kern/printf.o
 *fill*         0x000000800445b261       0x1f 
 .bss           0x000000800445b280     0x1018 obj/kern/trap.o
                0x000000800445b280                idt
                0x000000800445c280                idt_pd
 .bss           0x000000800445c298        0x0 obj/kern/trapentry.o
 .bss           0x000000800445c298        0x0 obj/kern/sched.o
 .bss           0x000000800445c298        0x0 obj/kern/syscall.o
 .bss           0x000000800445c298        0x8 obj/kern/kdebug.o
 .bss           0x000000800445c2a0        0x0 obj/kern/printfmt.o
 .bss           0x000000800445c2a0      0x400 obj/kern/readline.o
 .bss           0x000000800445c6a0        0x0 obj/kern/string.o
 .bss           0x000000800445c6a0        0x0 obj/kern/libdwarf_rw.o
 .bss           0x000000800445c6a0       0x68 obj/kern/libdwarf_frame.o
                0x000000800445c6a0                global_rt_table
                0x000000800445c6e0                global_rt_table_shadow
 .bss           0x000000800445c708        0x0 obj/kern/libdwarf_lineno.o
 .bss           0x000000800445c708        0x0 obj/kern/elf_rw.o
 .bss           0x000000800445c708        0x0 obj/kern/mpentry.o
 .bss           0x000000800445c708        0x0 obj/kern/mpconfig.o
 .bss           0x000000800445c708        0x0 obj/kern/lapic.o
 .bss           0x000000800445c708        0x0 obj/kern/spinlock.o
 .bss           0x000000800445c708        0x0 obj/kern/e1000.o
 *fill*         0x000000800445c708        0x8 
 .bss           0x000000800445c710       0x30 obj/kern/pci.o
                0x000000800445c710                pci_attach_vendor
 .bss           0x000000800445c740        0x4 obj/kern/time.o
 .bss           0x000000800445c744        0x0 obj/vmm/ept.o
 .bss           0x000000800445c744        0x0 obj/vmm/vmx.o
 .bss           0x000000800445c744        0x4 obj/vmm/vmexits.o
 COMMON         0x000000800445c748       0x18 obj/kern/init.o
                0x000000800445c748                end_debug
                0x000000800445c750                panicstr
                0x000000800445c758                mpentry_kstack
 COMMON         0x000000800445c760       0x20 obj/kern/pmap.o
                0x000000800445c760                boot_cr3
                0x000000800445c768                boot_pml4e
                0x000000800445c770                npages
                0x000000800445c778                pages
 COMMON         0x000000800445c780       0x68 obj/kern/trap.o
                0x000000800445c780                ts
 *fill*         0x000000800445c7e8       0x18 
 COMMON         0x000000800445c800       0x58 obj/kern/kdebug.o
                0x000000800445c800                mydebug
 *fill*         0x000000800445c858        0x8 
 COMMON         0x000000800445c860      0xc70 obj/kern/libdwarf_frame.o
                0x000000800445c860                global_rules_shadow
                0x000000800445cea0                global_rules
 *fill*         0x000000800445d4d0       0x10 
 COMMON         0x000000800445d4e0      0x200 obj/kern/libdwarf_lineno.o
                0x000000800445d4e0                global_std_op
 *fill*         0x000000800445d6e0      0x920 
 COMMON         0x000000800445e000    0x11000 obj/kern/mpconfig.o
                0x000000800445e000                ismp
                0x000000800445e020                cpus
                0x000000800445e0a8                bootcpu
                0x000000800445e0b0                ncpu
                0x000000800445f000                percpu_kstacks
 COMMON         0x000000800446f000       0x10 obj/kern/lapic.o
                0x000000800446f000                lapicaddr
                0x000000800446f008                lapic
                0x000000800446f010                PROVIDE (end, .)

.debug
 *(.debug)

.line
 *(.line)

.debug_srcinfo
 *(.debug_srcinfo)

.debug_sfnames
 *(.debug_sfnames)

.debug_aranges  0x0000000000000000      0x5a0
 *(.debug_aranges)
 .debug_aranges
                0x0000000000000000       0x30 obj/kern/bootstrap.o
 .debug_aranges
                0x0000000000000030       0x30 obj/kern/entry.o
 .debug_aranges
                0x0000000000000060       0x30 obj/kern/init.o
 .debug_aranges
                0x0000000000000090       0x30 obj/kern/console.o
 .debug_aranges
                0x00000000000000c0       0x30 obj/kern/monitor.o
 .debug_aranges
                0x00000000000000f0       0x30 obj/kern/pmap.o
 .debug_aranges
                0x0000000000000120       0x30 obj/kern/env.o
 .debug_aranges
                0x0000000000000150       0x30 obj/kern/kclock.o
 .debug_aranges
                0x0000000000000180       0x30 obj/kern/picirq.o
 .debug_aranges
                0x00000000000001b0       0x30 obj/kern/printf.o
 .debug_aranges
                0x00000000000001e0       0x30 obj/kern/trap.o
 .debug_aranges
                0x0000000000000210       0x30 obj/kern/sched.o
 .debug_aranges
                0x0000000000000240       0x30 obj/kern/syscall.o
 .debug_aranges
                0x0000000000000270       0x30 obj/kern/kdebug.o
 .debug_aranges
                0x00000000000002a0       0x30 obj/kern/printfmt.o
 .debug_aranges
                0x00000000000002d0       0x30 obj/kern/readline.o
 .debug_aranges
                0x0000000000000300       0x30 obj/kern/string.o
 .debug_aranges
                0x0000000000000330       0x30 obj/kern/libdwarf_rw.o
 .debug_aranges
                0x0000000000000360       0x30 obj/kern/libdwarf_frame.o
 .debug_aranges
                0x0000000000000390       0x30 obj/kern/libdwarf_lineno.o
 .debug_aranges
                0x00000000000003c0       0x30 obj/kern/elf_rw.o
 .debug_aranges
                0x00000000000003f0       0x30 obj/kern/mpentry.o
 .debug_aranges
                0x0000000000000420       0x30 obj/kern/mpconfig.o
 .debug_aranges
                0x0000000000000450       0x30 obj/kern/lapic.o
 .debug_aranges
                0x0000000000000480       0x30 obj/kern/spinlock.o
 .debug_aranges
                0x00000000000004b0       0x30 obj/kern/pci.o
 .debug_aranges
                0x00000000000004e0       0x30 obj/kern/time.o
 .debug_aranges
                0x0000000000000510       0x30 obj/vmm/ept.o
 .debug_aranges
                0x0000000000000540       0x30 obj/vmm/vmx.o
 .debug_aranges
                0x0000000000000570       0x30 obj/vmm/vmexits.o

.debug_pubnames
 *(.debug_pubnames)

.debug_info     0x0000000000000000    0x1364d
 *(.debug_info .gnu.linkonce.wi.*)
 .debug_info    0x0000000000000000       0x7a obj/kern/bootstrap.o
 .debug_info    0x000000000000007a       0x76 obj/kern/entry.o
 .debug_info    0x00000000000000f0      0xb51 obj/kern/init.o
 .debug_info    0x0000000000000c41      0xca6 obj/kern/console.o
 .debug_info    0x00000000000018e7      0x72d obj/kern/monitor.o
 .debug_info    0x0000000000002014     0x1e1b obj/kern/pmap.o
 .debug_info    0x0000000000003e2f     0x10a9 obj/kern/env.o
 .debug_info    0x0000000000004ed8      0x1ee obj/kern/kclock.o
 .debug_info    0x00000000000050c6      0x483 obj/kern/picirq.o
 .debug_info    0x0000000000005549      0x1ec obj/kern/printf.o
 .debug_info    0x0000000000005735      0xdc9 obj/kern/trap.o
 .debug_info    0x00000000000064fe      0x724 obj/kern/sched.o
 .debug_info    0x0000000000006c22      0xc9b obj/kern/syscall.o
 .debug_info    0x00000000000078bd     0x11a1 obj/kern/kdebug.o
 .debug_info    0x0000000000008a5e      0x5f5 obj/kern/printfmt.o
 .debug_info    0x0000000000009053      0x169 obj/kern/readline.o
 .debug_info    0x00000000000091bc      0x6a6 obj/kern/string.o
 .debug_info    0x0000000000009862     0x1417 obj/kern/libdwarf_rw.o
 .debug_info    0x000000000000ac79     0x10b3 obj/kern/libdwarf_frame.o
 .debug_info    0x000000000000bd2c      0xddf obj/kern/libdwarf_lineno.o
 .debug_info    0x000000000000cb0b      0x96b obj/kern/elf_rw.o
 .debug_info    0x000000000000d476       0x78 obj/kern/mpentry.o
 .debug_info    0x000000000000d4ee      0xca6 obj/kern/mpconfig.o
 .debug_info    0x000000000000e194      0x8d3 obj/kern/lapic.o
 .debug_info    0x000000000000ea67      0x9fb obj/kern/spinlock.o
 .debug_info    0x000000000000f462      0x718 obj/kern/pci.o
 .debug_info    0x000000000000fb7a       0xaf obj/kern/time.o
 .debug_info    0x000000000000fc29      0x680 obj/vmm/ept.o
 .debug_info    0x00000000000102a9     0x2780 obj/vmm/vmx.o
 .debug_info    0x0000000000012a29      0xc24 obj/vmm/vmexits.o

.debug_abbrev   0x0000000000000000     0x33dd
 *(.debug_abbrev)
 .debug_abbrev  0x0000000000000000       0x14 obj/kern/bootstrap.o
 .debug_abbrev  0x0000000000000014       0x14 obj/kern/entry.o
 .debug_abbrev  0x0000000000000028      0x238 obj/kern/init.o
 .debug_abbrev  0x0000000000000260      0x2c8 obj/kern/console.o
 .debug_abbrev  0x0000000000000528      0x1c4 obj/kern/monitor.o
 .debug_abbrev  0x00000000000006ec      0x354 obj/kern/pmap.o
 .debug_abbrev  0x0000000000000a40      0x311 obj/kern/env.o
 .debug_abbrev  0x0000000000000d51      0x102 obj/kern/kclock.o
 .debug_abbrev  0x0000000000000e53       0xf0 obj/kern/picirq.o
 .debug_abbrev  0x0000000000000f43       0xef obj/kern/printf.o
 .debug_abbrev  0x0000000000001032      0x2d9 obj/kern/trap.o
 .debug_abbrev  0x000000000000130b      0x14f obj/kern/sched.o
 .debug_abbrev  0x000000000000145a      0x20e obj/kern/syscall.o
 .debug_abbrev  0x0000000000001668      0x223 obj/kern/kdebug.o
 .debug_abbrev  0x000000000000188b      0x1e6 obj/kern/printfmt.o
 .debug_abbrev  0x0000000000001a71       0xab obj/kern/readline.o
 .debug_abbrev  0x0000000000001b1c      0x115 obj/kern/string.o
 .debug_abbrev  0x0000000000001c31      0x1f8 obj/kern/libdwarf_rw.o
 .debug_abbrev  0x0000000000001e29      0x22e obj/kern/libdwarf_frame.o
 .debug_abbrev  0x0000000000002057      0x214 obj/kern/libdwarf_lineno.o
 .debug_abbrev  0x000000000000226b      0x1e0 obj/kern/elf_rw.o
 .debug_abbrev  0x000000000000244b       0x14 obj/kern/mpentry.o
 .debug_abbrev  0x000000000000245f      0x22e obj/kern/mpconfig.o
 .debug_abbrev  0x000000000000268d      0x1e4 obj/kern/lapic.o
 .debug_abbrev  0x0000000000002871      0x24e obj/kern/spinlock.o
 .debug_abbrev  0x0000000000002abf      0x1b5 obj/kern/pci.o
 .debug_abbrev  0x0000000000002c74       0x78 obj/kern/time.o
 .debug_abbrev  0x0000000000002cec      0x148 obj/vmm/ept.o
 .debug_abbrev  0x0000000000002e34      0x3d5 obj/vmm/vmx.o
 .debug_abbrev  0x0000000000003209      0x1d4 obj/vmm/vmexits.o

.debug_line     0x0000000000000000     0x4123
 *(.debug_line)
 .debug_line    0x0000000000000000       0x99 obj/kern/bootstrap.o
 .debug_line    0x0000000000000099       0x51 obj/kern/entry.o
 .debug_line    0x00000000000000ea      0x1ab obj/kern/init.o
 .debug_line    0x0000000000000295      0x2a3 obj/kern/console.o
 .debug_line    0x0000000000000538      0x13f obj/kern/monitor.o
 .debug_line    0x0000000000000677      0xc13 obj/kern/pmap.o
 .debug_line    0x000000000000128a      0x355 obj/kern/env.o
 .debug_line    0x00000000000015df       0x86 obj/kern/kclock.o
 .debug_line    0x0000000000001665       0xaa obj/kern/picirq.o
 .debug_line    0x000000000000170f       0x7f obj/kern/printf.o
 .debug_line    0x000000000000178e      0x20f obj/kern/trap.o
 .debug_line    0x000000000000199d       0xec obj/kern/sched.o
 .debug_line    0x0000000000001a89      0x127 obj/kern/syscall.o
 .debug_line    0x0000000000001bb0      0x1a2 obj/kern/kdebug.o
 .debug_line    0x0000000000001d52      0x282 obj/kern/printfmt.o
 .debug_line    0x0000000000001fd4       0x8c obj/kern/readline.o
 .debug_line    0x0000000000002060      0x1e8 obj/kern/string.o
 .debug_line    0x0000000000002248      0x45a obj/kern/libdwarf_rw.o
 .debug_line    0x00000000000026a2      0x502 obj/kern/libdwarf_frame.o
 .debug_line    0x0000000000002ba4      0x208 obj/kern/libdwarf_lineno.o
 .debug_line    0x0000000000002dac      0x229 obj/kern/elf_rw.o
 .debug_line    0x0000000000002fd5       0x74 obj/kern/mpentry.o
 .debug_line    0x0000000000003049      0x1ea obj/kern/mpconfig.o
 .debug_line    0x0000000000003233      0x167 obj/kern/lapic.o
 .debug_line    0x000000000000339a      0x16c obj/kern/spinlock.o
 .debug_line    0x0000000000003506        0x0 obj/kern/e1000.o
 .debug_line    0x0000000000003506      0x1e0 obj/kern/pci.o
 .debug_line    0x00000000000036e6       0x4d obj/kern/time.o
 .debug_line    0x0000000000003733      0x16f obj/vmm/ept.o
 .debug_line    0x00000000000038a2      0x680 obj/vmm/vmx.o
 .debug_line    0x0000000000003f22      0x201 obj/vmm/vmexits.o

.debug_frame
 *(.debug_frame)

.debug_str      0x0000000000000000     0x3016
 *(.debug_str)
 .debug_str     0x0000000000000000      0x689 obj/kern/init.o
                                        0x6e6 (size before relaxing)
 .debug_str     0x0000000000000689      0x149 obj/kern/console.o
                                        0x2d2 (size before relaxing)
 .debug_str     0x00000000000007d2      0x127 obj/kern/monitor.o
                                        0x418 (size before relaxing)
 .debug_str     0x00000000000008f9      0x42c obj/kern/pmap.o
                                        0xa26 (size before relaxing)
 .debug_str     0x0000000000000d25      0x2e0 obj/kern/env.o
                                        0x8cc (size before relaxing)
 .debug_str     0x0000000000001005       0x31 obj/kern/kclock.o
                                        0x18f (size before relaxing)
 .debug_str     0x0000000000001036       0x35 obj/kern/picirq.o
                                        0x1c2 (size before relaxing)
 .debug_str     0x000000000000106b       0x17 obj/kern/printf.o
                                        0x1c4 (size before relaxing)
 .debug_str     0x0000000000001082      0x153 obj/kern/trap.o
                                        0x7a2 (size before relaxing)
 .debug_str     0x00000000000011d5       0x1e obj/kern/sched.o
                                        0x599 (size before relaxing)
 .debug_str     0x00000000000011f3      0x254 obj/kern/syscall.o
                                        0x8e0 (size before relaxing)
 .debug_str     0x0000000000001447      0x797 obj/kern/kdebug.o
                                        0xe3a (size before relaxing)
 .debug_str     0x0000000000001bde       0x93 obj/kern/printfmt.o
                                        0x364 (size before relaxing)
 .debug_str     0x0000000000001c71       0x27 obj/kern/readline.o
                                        0x200 (size before relaxing)
 .debug_str     0x0000000000001c98       0x9e obj/kern/string.o
                                        0x21d (size before relaxing)
 .debug_str     0x0000000000001d36      0x2c2 obj/kern/libdwarf_rw.o
                                        0xc07 (size before relaxing)
 .debug_str     0x0000000000001ff8      0x44e obj/kern/libdwarf_frame.o
                                        0xb70 (size before relaxing)
 .debug_str     0x0000000000002446      0x1bd obj/kern/libdwarf_lineno.o
                                        0xbae (size before relaxing)
 .debug_str     0x0000000000002603      0x1b7 obj/kern/elf_rw.o
                                        0x473 (size before relaxing)
 .debug_str     0x00000000000027ba       0xc9 obj/kern/mpconfig.o
                                        0x686 (size before relaxing)
 .debug_str     0x0000000000002883       0x59 obj/kern/lapic.o
                                        0x5db (size before relaxing)
 .debug_str     0x00000000000028dc       0x4d obj/kern/spinlock.o
                                        0x66f (size before relaxing)
 .debug_str     0x0000000000002929        0x0 obj/kern/e1000.o
 .debug_str     0x0000000000002929      0x1c5 obj/kern/pci.o
                                        0x362 (size before relaxing)
 .debug_str     0x0000000000002aee       0x26 obj/kern/time.o
                                        0x11e (size before relaxing)
 .debug_str     0x0000000000002b14       0xb0 obj/vmm/ept.o
                                        0x30b (size before relaxing)
 .debug_str     0x0000000000002bc4      0x349 obj/vmm/vmx.o
                                        0xa08 (size before relaxing)
 .debug_str     0x0000000000002f0d      0x109 obj/vmm/vmexits.o
                                        0x644 (size before relaxing)

.debug_loc      0x0000000000000000     0x6264
 *(.debug_loc)
 .debug_loc     0x0000000000000000      0x204 obj/kern/init.o
 .debug_loc     0x0000000000000204      0x6c0 obj/kern/console.o
 .debug_loc     0x00000000000008c4      0x1e0 obj/kern/monitor.o
 .debug_loc     0x0000000000000aa4      0xb8c obj/kern/pmap.o
 .debug_loc     0x0000000000001630      0x698 obj/kern/env.o
 .debug_loc     0x0000000000001cc8       0xc0 obj/kern/kclock.o
 .debug_loc     0x0000000000001d88      0x120 obj/kern/picirq.o
 .debug_loc     0x0000000000001ea8      0x120 obj/kern/printf.o
 .debug_loc     0x0000000000001fc8      0x2ec obj/kern/trap.o
 .debug_loc     0x00000000000022b4       0xac obj/kern/sched.o
 .debug_loc     0x0000000000002360      0x5bc obj/kern/syscall.o
 .debug_loc     0x000000000000291c       0xc0 obj/kern/kdebug.o
 .debug_loc     0x00000000000029dc      0x300 obj/kern/printfmt.o
 .debug_loc     0x0000000000002cdc       0x60 obj/kern/readline.o
 .debug_loc     0x0000000000002d3c      0x660 obj/kern/string.o
 .debug_loc     0x000000000000339c      0x900 obj/kern/libdwarf_rw.o
 .debug_loc     0x0000000000003c9c      0x5a0 obj/kern/libdwarf_frame.o
 .debug_loc     0x000000000000423c      0x180 obj/kern/libdwarf_lineno.o
 .debug_loc     0x00000000000043bc      0x240 obj/kern/elf_rw.o
 .debug_loc     0x00000000000045fc      0x1e0 obj/kern/mpconfig.o
 .debug_loc     0x00000000000047dc      0x2a0 obj/kern/lapic.o
 .debug_loc     0x0000000000004a7c      0x240 obj/kern/spinlock.o
 .debug_loc     0x0000000000004cbc      0x3c0 obj/kern/pci.o
 .debug_loc     0x000000000000507c      0x120 obj/kern/time.o
 .debug_loc     0x000000000000519c      0x4a4 obj/vmm/ept.o
 .debug_loc     0x0000000000005640      0x7a4 obj/vmm/vmx.o
 .debug_loc     0x0000000000005de4      0x480 obj/vmm/vmexits.o

.comment        0x0000000000000000       0x2b
 .comment       0x0000000000000000       0x2b obj/kern/init.o
                                         0x2c (size before relaxing)
 .comment       0x0000000000000000       0x2c obj/kern/console.o
 .comment       0x0000000000000000       0x2c obj/kern/monitor.o
 .comment       0x0000000000000000       0x2c obj/kern/pmap.o
 .comment       0x0000000000000000       0x2c obj/kern/env.o
 .comment       0x0000000000000000       0x2c obj/kern/kclock.o
 .comment       0x0000000000000000       0x2c obj/kern/picirq.o
 .comment       0x0000000000000000       0x2c obj/kern/printf.o
 .comment       0x0000000000000000       0x2c obj/kern/trap.o
 .comment       0x0000000000000000       0x2c obj/kern/sched.o
 .comment       0x0000000000000000       0x2c obj/kern/syscall.o
 .comment       0x0000000000000000       0x2c obj/kern/kdebug.o
 .comment       0x0000000000000000       0x2c obj/kern/printfmt.o
 .comment       0x0000000000000000       0x2c obj/kern/readline.o
 .comment       0x0000000000000000       0x2c obj/kern/string.o
 .comment       0x0000000000000000       0x2c obj/kern/libdwarf_rw.o
 .comment       0x0000000000000000       0x2c obj/kern/libdwarf_frame.o
 .comment       0x0000000000000000       0x2c obj/kern/libdwarf_lineno.o
 .comment       0x0000000000000000       0x2c obj/kern/elf_rw.o
 .comment       0x0000000000000000       0x2c obj/kern/mpconfig.o
 .comment       0x0000000000000000       0x2c obj/kern/lapic.o
 .comment       0x0000000000000000       0x2c obj/kern/spinlock.o
 .comment       0x0000000000000000       0x2c obj/kern/e1000.o
 .comment       0x0000000000000000       0x2c obj/kern/pci.o
 .comment       0x0000000000000000       0x2c obj/kern/time.o
 .comment       0x0000000000000000       0x2c obj/vmm/ept.o
 .comment       0x0000000000000000       0x2c obj/vmm/vmx.o
 .comment       0x0000000000000000       0x2c obj/vmm/vmexits.o

.debug_macinfo
 *(.debug_macinfo)

.debug_weaknames
 *(.debug_weaknames)

.debug_funcnames
 *(.debug_funcnames)

.debug_typenames
 *(.debug_typenames)

.debug_varnames
 *(.debug_varnames)

/DISCARD/
 *(.eh_frame .note.GNU-stack)
LOAD obj/kern/entry.o
LOAD obj/kern/bootstrap.o
LOAD obj/kern/init.o
LOAD obj/kern/console.o
LOAD obj/kern/monitor.o
LOAD obj/kern/pmap.o
LOAD obj/kern/env.o
LOAD obj/kern/kclock.o
LOAD obj/kern/picirq.o
LOAD obj/kern/printf.o
LOAD obj/kern/trap.o
LOAD obj/kern/trapentry.o
LOAD obj/kern/sched.o
LOAD obj/kern/syscall.o
LOAD obj/kern/kdebug.o
LOAD obj/kern/printfmt.o
LOAD obj/kern/readline.o
LOAD obj/kern/string.o
LOAD obj/kern/libdwarf_rw.o
LOAD obj/kern/libdwarf_frame.o
LOAD obj/kern/libdwarf_lineno.o
LOAD obj/kern/elf_rw.o
LOAD obj/kern/mpentry.o
LOAD obj/kern/mpconfig.o
LOAD obj/kern/lapic.o
LOAD obj/kern/spinlock.o
LOAD obj/kern/e1000.o
LOAD obj/kern/pci.o
LOAD obj/kern/time.o
LOAD obj/vmm/ept.o
LOAD obj/vmm/vmx.o
LOAD obj/vmm/vmexits.o
LOAD /usr/lib/gcc/x86_64-linux-gnu/4.8/libgcc.a
TARGET(binary)
LOAD obj/user/hello
LOAD obj/user/idle
LOAD obj/user/testfile
LOAD obj/user/writemotd
LOAD obj/user/icode
LOAD obj/fs/fs
LOAD obj/user/testtime
LOAD obj/user/httpd
LOAD obj/user/echosrv
LOAD obj/user/echotest
LOAD obj/net/testoutput
LOAD obj/net/testinput
LOAD obj/net/ns
LOAD obj/user/testpteshare
LOAD obj/user/testfdsharing
LOAD obj/user/testpipe
LOAD obj/user/testpiperace
LOAD obj/user/testpiperace2
LOAD obj/user/primespipe
LOAD obj/user/testkbd
LOAD obj/user/testshell
OUTPUT(obj/kern/kernel elf64-x86-64)
