
Allocating common symbols
Common symbol       size              file

global_rules_shadow
                    0x630             obj/kern/libdwarf_frame.o
ismp                0x4               obj/kern/mpconfig.o
lapicaddr           0x8               obj/kern/lapic.o
ts                  0x68              obj/kern/trap.o
end_debug           0x8               obj/kern/init.o
mydebug             0x58              obj/kern/kdebug.o
panicstr            0x8               obj/kern/init.o
boot_cr3            0x8               obj/kern/pmap.o
mpentry_kstack      0x8               obj/kern/init.o
cpus                0x3c0             obj/kern/mpconfig.o
global_std_op       0x200             obj/kern/libdwarf_lineno.o
lapic               0x8               obj/kern/lapic.o
bootcpu             0x8               obj/kern/mpconfig.o
global_rules        0x630             obj/kern/libdwarf_frame.o
boot_pml4e          0x8               obj/kern/pmap.o
ncpu                0x4               obj/kern/mpconfig.o
npages              0x8               obj/kern/pmap.o
pages               0x8               obj/kern/pmap.o
percpu_kstacks      0x80000           obj/kern/mpconfig.o

Discarded input sections

 .note.GNU-stack
                0x0000000000000000        0x0 obj/kern/init.o
 .eh_frame      0x0000000000000000       0xd0 obj/kern/init.o
 .note.GNU-stack
                0x0000000000000000        0x0 obj/kern/console.o
 .eh_frame      0x0000000000000000      0x258 obj/kern/console.o
 .note.GNU-stack
                0x0000000000000000        0x0 obj/kern/monitor.o
 .eh_frame      0x0000000000000000       0xb8 obj/kern/monitor.o
 .note.GNU-stack
                0x0000000000000000        0x0 obj/kern/pmap.o
 .eh_frame      0x0000000000000000      0x408 obj/kern/pmap.o
 .note.GNU-stack
                0x0000000000000000        0x0 obj/kern/env.o
 .eh_frame      0x0000000000000000      0x1c0 obj/kern/env.o
 .note.GNU-stack
                0x0000000000000000        0x0 obj/kern/kclock.o
 .eh_frame      0x0000000000000000       0x58 obj/kern/kclock.o
 .note.GNU-stack
                0x0000000000000000        0x0 obj/kern/picirq.o
 .eh_frame      0x0000000000000000       0x78 obj/kern/picirq.o
 .note.GNU-stack
                0x0000000000000000        0x0 obj/kern/printf.o
 .eh_frame      0x0000000000000000       0x78 obj/kern/printf.o
 .note.GNU-stack
                0x0000000000000000        0x0 obj/kern/trap.o
 .eh_frame      0x0000000000000000      0x118 obj/kern/trap.o
 .note.GNU-stack
                0x0000000000000000        0x0 obj/kern/sched.o
 .eh_frame      0x0000000000000000       0x38 obj/kern/sched.o
 .note.GNU-stack
                0x0000000000000000        0x0 obj/kern/syscall.o
 .eh_frame      0x0000000000000000      0x1e8 obj/kern/syscall.o
 .note.GNU-stack
                0x0000000000000000        0x0 obj/kern/kdebug.o
 .eh_frame      0x0000000000000000       0x60 obj/kern/kdebug.o
 .note.GNU-stack
                0x0000000000000000        0x0 obj/kern/printfmt.o
 .eh_frame      0x0000000000000000      0x128 obj/kern/printfmt.o
 .note.GNU-stack
                0x0000000000000000        0x0 obj/kern/readline.o
 .eh_frame      0x0000000000000000       0x38 obj/kern/readline.o
 .note.GNU-stack
                0x0000000000000000        0x0 obj/kern/string.o
 .eh_frame      0x0000000000000000      0x238 obj/kern/string.o
 .note.GNU-stack
                0x0000000000000000        0x0 obj/kern/libdwarf_rw.o
 .eh_frame      0x0000000000000000      0x320 obj/kern/libdwarf_rw.o
 .note.GNU-stack
                0x0000000000000000        0x0 obj/kern/libdwarf_frame.o
 .eh_frame      0x0000000000000000      0x208 obj/kern/libdwarf_frame.o
 .note.GNU-stack
                0x0000000000000000        0x0 obj/kern/libdwarf_lineno.o
 .eh_frame      0x0000000000000000       0xb0 obj/kern/libdwarf_lineno.o
 .note.GNU-stack
                0x0000000000000000        0x0 obj/kern/elf_rw.o
 .eh_frame      0x0000000000000000       0xd8 obj/kern/elf_rw.o
 .note.GNU-stack
                0x0000000000000000        0x0 obj/kern/mpconfig.o
 .eh_frame      0x0000000000000000       0xc0 obj/kern/mpconfig.o
 .note.GNU-stack
                0x0000000000000000        0x0 obj/kern/lapic.o
 .eh_frame      0x0000000000000000       0xf8 obj/kern/lapic.o
 .note.GNU-stack
                0x0000000000000000        0x0 obj/kern/spinlock.o
 .eh_frame      0x0000000000000000       0xf0 obj/kern/spinlock.o
 .note.GNU-stack
                0x0000000000000000        0x0 obj/kern/e1000.o
 .note.GNU-stack
                0x0000000000000000        0x0 obj/kern/pci.o
 .eh_frame      0x0000000000000000      0x158 obj/kern/pci.o
 .note.GNU-stack
                0x0000000000000000        0x0 obj/kern/time.o
 .eh_frame      0x0000000000000000       0x78 obj/kern/time.o

Memory Configuration

Name             Origin             Length             Attributes
*default*        0x0000000000000000 0xffffffffffffffff

Linker script and memory map

                0x0000000000100000                . = 0x100000

.bootstrap      0x0000000000100000     0x7004
 obj/kern/bootstrap.o(.text .data .bss)
 .text          0x0000000000100000      0x114 obj/kern/bootstrap.o
                0x0000000000100000                _head64
                0x00000000001000e4                jumpto_longmode
 *fill*         0x0000000000100114      0xeec 
 .data          0x0000000000101000     0x6004 obj/kern/bootstrap.o
                0x0000000000102000                pml4virt
                0x0000000000107000                multiboot_info
 .bss           0x0000000000107004        0x0 obj/kern/bootstrap.o
                0x0000008004200000                . = 0x8004200000

.text           0x0000008004200000    0x11695 load address 0x0000000000200000
 *(EXCLUDE_FILE(obj/kern/bootstrap.o) .text .stub .text.* .gnu.linkonce.t.*)
 .text          0x0000008004200000       0x58 obj/kern/entry.o
                0x000000800420000c                entry
                0x000000000020000c                _start
 .text          0x0000008004200058      0x632 obj/kern/init.o
                0x000000800420007d                i386_init
                0x00000080042003b6                mp_main
                0x0000008004200466                _panic
                0x000000800420059d                _warn
 .text          0x000000800420068a      0xb58 obj/kern/console.o
                0x000000800420071a                serial_intr
                0x0000008004200f69                kbd_intr
                0x0000008004201043                cons_getc
                0x0000008004201137                cons_init
                0x0000008004201190                cputchar
                0x00000080042011ae                getchar
                0x00000080042011d0                iscons
 .text          0x00000080042011e2      0x37d obj/kern/monitor.o
                0x00000080042011e2                mon_help
                0x0000008004201279                mon_kerninfo
                0x0000008004201293                mon_backtrace
                0x00000080042014be                monitor
 .text          0x000000800420155f     0x4690 obj/kern/pmap.o
                0x0000008004201e45                x64_vm_init
                0x0000008004201e85                page_init
                0x0000008004201f66                page_alloc
                0x0000008004201fa3                page_free
                0x0000008004201fb1                page_decref
                0x0000008004201ff2                pml4e_walk
                0x000000800420200c                pdpe_walk
                0x0000008004202026                pgdir_walk
                0x000000800420205e                page_insert
                0x000000800420207c                page_lookup
                0x0000008004202097                page_remove
                0x00000080042020a9                tlb_invalidate
                0x000000800420217a                mmio_map_region
                0x00000080042021b4                user_mem_check
                0x00000080042021d2                user_mem_assert
 .text          0x0000008004205bef      0xb20 obj/kern/env.o
                0x0000008004205c60                envid2env
                0x0000008004205dcd                env_init
                0x0000008004205ddf                env_init_percpu
                0x0000008004205ea8                env_alloc
                0x000000800420606c                env_create
                0x000000800420607d                env_free
                0x000000800420650a                env_destroy
                0x00000080042065fc                env_pop_tf
                0x00000080042066d9                env_run
 .text          0x000000800420670f       0x7c obj/kern/kclock.o
                0x000000800420670f                mc146818_read
                0x000000800420674b                mc146818_write
 .text          0x000000800420678b      0x273 obj/kern/picirq.o
                0x000000800420678b                pic_init
                0x00000080042068dd                irq_setmask_8259A
                0x00000080042069ce                irq_eoi
 .text          0x00000080042069fe      0x165 obj/kern/printf.o
                0x0000008004206a2c                vcprintf
                0x0000008004206a8b                cprintf
 .text          0x0000008004206b63      0xcf5 obj/kern/trap.o
                0x0000008004206bc2                trap_init
                0x0000008004206bfb                trap_init_percpu
                0x0000008004206e36                print_trapframe
                0x0000008004207147                print_regs
                0x000000800420746f                trap
                0x000000800420777b                page_fault_handler
 .text          0x0000008004207858        0x0 obj/kern/trapentry.o
 .text          0x0000008004207858      0x185 obj/kern/sched.o
                0x0000008004207858                sched_yield
 .text          0x00000080042079dd      0x365 obj/kern/syscall.o
                0x0000008004207cf8                syscall
 .text          0x0000008004207d42      0x96e obj/kern/kdebug.o
                0x0000008004207d42                list_func_die
                0x00000080042082ad                debuginfo_rip
 .text          0x00000080042086b0      0xa84 obj/kern/printfmt.o
                0x000000800420898b                vprintfmt
                0x0000008004208eb6                printfmt
                0x0000008004208fb6                vsnprintf
                0x0000008004209053                snprintf
 .text          0x0000008004209134      0x155 obj/kern/readline.o
                0x0000008004209134                readline
 .text          0x0000008004209289      0x7c5 obj/kern/string.o
                0x0000008004209289                strlen
                0x00000080042092b7                strnlen
                0x00000080042092f5                strcpy
                0x0000008004209338                strcat
                0x0000008004209387                strncpy
                0x00000080042093e7                strlcpy
                0x0000008004209457                strcmp
                0x00000080042094aa                strncmp
                0x000000800420951b                strchr
                0x0000008004209557                strfind
                0x000000800420958e                memset
                0x0000008004209619                memmove
                0x0000008004209730                memcpy
                0x0000008004209764                memcmp
                0x00000080042097d8                memfind
                0x0000008004209821                strtol
                0x00000080042099b3                strstr
 .text          0x0000008004209a4e     0x1f4d obj/kern/libdwarf_rw.o
                0x0000008004209a4e                _dwarf_read_lsb
                0x0000008004209b7a                _dwarf_decode_lsb
                0x0000008004209c9b                _dwarf_read_msb
                0x0000008004209e4d                _dwarf_decode_msb
                0x0000008004209ffc                _dwarf_read_sleb128
                0x000000800420a0a0                _dwarf_read_uleb128
                0x000000800420a11f                _dwarf_decode_sleb128
                0x000000800420a1b1                _dwarf_decode_uleb128
                0x000000800420a21e                _dwarf_read_string
                0x000000800420a2ad                _dwarf_read_block
                0x000000800420a2f6                _dwarf_elf_get_byte_order
                0x000000800420a364                _dwarf_elf_get_pointer_size
                0x000000800420a3ce                _dwarf_init
                0x000000800420a4b0                _get_next_cu
                0x000000800420a64b                print_cu
                0x000000800420a682                _dwarf_abbrev_parse
                0x000000800420a905                _dwarf_abbrev_find
                0x000000800420aa36                _dwarf_attr_init
                0x000000800420b0c7                dwarf_search_die_within_cu
                0x000000800420b3c0                dwarf_offdie
                0x000000800420b4c3                _dwarf_attr_find
                0x000000800420b556                dwarf_siblingof
                0x000000800420b79a                dwarf_child
                0x000000800420b93e                _dwarf_find_section_enhanced
 .text          0x000000800420b99b     0x25a5 obj/kern/libdwarf_frame.o
                0x000000800420b99b                _dwarf_frame_params_init
                0x000000800420b9db                dwarf_get_fde_at_pc
                0x000000800420bb1b                _dwarf_frame_regtable_copy
                0x000000800420cb07                _dwarf_frame_get_internal_table
                0x000000800420cdbf                dwarf_get_fde_info_for_all_regs
                0x000000800420db84                _dwarf_frame_interal_table_init
                0x000000800420de34                dwarf_set_frame_cfa_value
                0x000000800420de64                _dwarf_frame_section_load_eh
                0x000000800420dea2                dwarf_init_eh_section
 .text          0x000000800420df40      0xd4b obj/kern/libdwarf_lineno.o
                0x000000800420e59c                _dwarf_lineno_init
                0x000000800420eb10                dwarf_srclines
 .text          0x000000800420ec8b      0xd12 obj/kern/elf_rw.o
                0x000000800420ec8b                _dwarf_find_section
                0x000000800420ed0b                find_debug_sections
                0x000000800420efd4                read_section_headers
                0x000000800420f713                readseg
                0x000000800420f877                waitdisk
                0x000000800420f8a3                readsect
 *fill*         0x000000800420f99d        0x3 
 .text          0x000000800420f9a0       0xe7 obj/kern/mpentry.o
                0x000000800420f9a0                mpentry_start
                0x000000800420fa86                mpentry_end
 .text          0x000000800420fa87      0x7d5 obj/kern/mpconfig.o
                0x000000800420ff5d                mp_init
 .text          0x000000800421025c      0x473 obj/kern/lapic.o
                0x000000800421029e                lapic_init
                0x0000008004210495                cpunum
                0x00000080042104ca                lapic_eoi
                0x0000008004210505                lapic_startap
                0x0000008004210688                lapic_ipi
 .text          0x00000080042106cf      0x429 obj/kern/spinlock.o
                0x00000080042107ec                __spin_initlock
                0x0000008004210820                spin_lock
                0x00000080042108f7                spin_unlock
 .text          0x0000008004210af8        0x0 obj/kern/e1000.o
 .text          0x0000008004210af8      0xafa obj/kern/pci.o
                0x0000008004211335                pci_func_enable
                0x00000080042115b6                pci_init
 .text          0x00000080042115f2       0xa3 obj/kern/time.o
                0x00000080042115f2                time_init
                0x0000008004211608                time_tick
                0x000000800421167a                time_msec
                0x0000008004211695                PROVIDE (etext, .)

.iplt           0x00000080042116a0        0x0 load address 0x00000000002116a0
 .iplt          0x0000000000000000        0x0 obj/kern/bootstrap.o

.rodata         0x00000080042116a0     0x2a6e load address 0x00000000002116a0
 *(EXCLUDE_FILE(obj/kern/bootstrap.o) .rodata .rodata.* .gnu.linkonce.r.*)
 .rodata        0x00000080042116a0       0xce obj/kern/init.o
 .rodata        0x000000800421176e       0x29 obj/kern/console.o
 *fill*         0x0000008004211797        0x1 
 .rodata        0x0000008004211798       0xe9 obj/kern/monitor.o
 *fill*         0x0000008004211881        0x7 
 .rodata        0x0000008004211888      0xe2c obj/kern/pmap.o
 *fill*         0x00000080042126b4        0x4 
 .rodata        0x00000080042126b8       0x86 obj/kern/env.o
 .rodata        0x000000800421273e       0x1a obj/kern/picirq.o
 *fill*         0x0000008004212758        0x8 
 .rodata        0x0000008004212760      0x4a0 obj/kern/trap.o
 .rodata        0x0000008004212c00       0x4a obj/kern/sched.o
 *fill*         0x0000008004212c4a        0x6 
 .rodata        0x0000008004212c50      0x184 obj/kern/syscall.o
 *fill*         0x0000008004212dd4        0xc 
 .rodata        0x0000008004212de0      0x390 obj/kern/kdebug.o
 *fill*         0x0000008004213170       0x10 
 .rodata        0x0000008004213180      0x4c8 obj/kern/printfmt.o
 .rodata        0x0000008004213648       0x13 obj/kern/readline.o
 *fill*         0x000000800421365b        0x5 
 .rodata        0x0000008004213660      0x1ab obj/kern/libdwarf_rw.o
 *fill*         0x000000800421380b        0x5 
 .rodata        0x0000008004213810      0x200 obj/kern/libdwarf_frame.o
 .rodata        0x0000008004213a10       0xc3 obj/kern/libdwarf_lineno.o
 .rodata        0x0000008004213ad3       0xa4 obj/kern/elf_rw.o
 *fill*         0x0000008004213b77        0x1 
 .rodata        0x0000008004213b78      0x1f9 obj/kern/mpconfig.o
 *fill*         0x0000008004213d71        0x7 
 .rodata        0x0000008004213d78       0x30 obj/kern/lapic.o
 .rodata        0x0000008004213da8       0xb1 obj/kern/spinlock.o
 *fill*         0x0000008004213e59        0x7 
 .rodata        0x0000008004213e60      0x287 obj/kern/pci.o
 .rodata        0x00000080042140e7       0x27 obj/kern/time.o

.rela.dyn       0x0000008004214110        0x0 load address 0x0000000000214110
 .rela.iplt     0x0000000000000000        0x0 obj/kern/bootstrap.o
 .rela.text     0x0000000000000000        0x0 obj/kern/bootstrap.o
 .rela.data     0x0000000000000000        0x0 obj/kern/bootstrap.o
                0x0000008004215000                . = ALIGN (0x1000)

.data           0x0000008004215000   0x23a932 load address 0x0000000000215000
 *(EXCLUDE_FILE(obj/kern/bootstrap.o) .data)
 .data          0x0000008004215000    0x10042 obj/kern/entry.o
                0x0000008004215000                bootstack
                0x0000008004225000                kernel_64
                0x0000008004225000                bootstacktop
                0x0000008004225038                gdtdesc_64
 .data          0x0000008004225042        0x0 obj/kern/init.o
 *fill*         0x0000008004225042       0x1e 
 .data          0x0000008004225060      0x520 obj/kern/console.o
 .data          0x0000008004225580       0x30 obj/kern/monitor.o
 .data          0x00000080042255b0        0x8 obj/kern/pmap.o
 *fill*         0x00000080042255b8        0x8 
 .data          0x00000080042255c0       0xb2 obj/kern/env.o
                0x00000080042255c0                gdt
                0x0000008004225668                gdt_pd
 .data          0x0000008004225672        0x0 obj/kern/kclock.o
 .data          0x0000008004225672        0x2 obj/kern/picirq.o
                0x0000008004225672                irq_mask_8259A
 .data          0x0000008004225674        0x0 obj/kern/printf.o
 .data          0x0000008004225674        0x0 obj/kern/trap.o
 .data          0x0000008004225674        0x0 obj/kern/trapentry.o
 .data          0x0000008004225674        0x0 obj/kern/sched.o
 .data          0x0000008004225674        0x0 obj/kern/syscall.o
 *fill*         0x0000008004225674        0x4 
 .data          0x0000008004225678        0x8 obj/kern/kdebug.o
                0x0000008004225678                dbg
 .data          0x0000008004225680        0x0 obj/kern/printfmt.o
 .data          0x0000008004225680        0x0 obj/kern/readline.o
 .data          0x0000008004225680        0x0 obj/kern/string.o
 .data          0x0000008004225680        0x0 obj/kern/libdwarf_rw.o
 .data          0x0000008004225680       0x24 obj/kern/libdwarf_frame.o
                0x0000008004225680                debug_frame_sec
                0x00000080042256a0                is_eh_frame
 .data          0x00000080042256a4        0x0 obj/kern/libdwarf_lineno.o
 *fill*         0x00000080042256a4       0x1c 
 .data          0x00000080042256c0       0xa0 obj/kern/elf_rw.o
                0x00000080042256c0                section_info
 .data          0x0000008004225760        0x0 obj/kern/mpentry.o
 .data          0x0000008004225760        0x0 obj/kern/mpconfig.o
 .data          0x0000008004225760        0x0 obj/kern/lapic.o
 .data          0x0000008004225760       0x68 obj/kern/spinlock.o
                0x0000008004225760                kernel_lock
 .data          0x00000080042257c8        0x0 obj/kern/e1000.o
 *fill*         0x00000080042257c8       0x18 
 .data          0x00000080042257e0       0x78 obj/kern/pci.o
                0x0000008004225800                pci_attach_class
 .data          0x0000008004225858        0x0 obj/kern/time.o
 .data          0x0000008004225858    0x1426e obj/user/hello
                0x0000008004225858                _binary_obj_user_hello_start
                0x0000008004239ac6                _binary_obj_user_hello_end
 .data          0x0000008004239ac6    0x13e0d obj/user/idle
                0x0000008004239ac6                _binary_obj_user_idle_start
                0x000000800424d8d3                _binary_obj_user_idle_end
 .data          0x000000800424d8d3    0x15753 obj/user/testfile
                0x000000800424d8d3                _binary_obj_user_testfile_start
                0x0000008004263026                _binary_obj_user_testfile_end
 .data          0x0000008004263026    0x14e9a obj/user/writemotd
                0x0000008004263026                _binary_obj_user_writemotd_start
                0x0000008004277ec0                _binary_obj_user_writemotd_end
 .data          0x0000008004277ec0    0x16284 obj/user/icode
                0x0000008004277ec0                _binary_obj_user_icode_start
                0x000000800428e144                _binary_obj_user_icode_end
 .data          0x000000800428e144    0x2620b obj/fs/fs
                0x000000800428e144                _binary_obj_fs_fs_start
                0x00000080042b434f                _binary_obj_fs_fs_end
 .data          0x00000080042b434f    0x15037 obj/user/testtime
                0x00000080042b434f                _binary_obj_user_testtime_start
                0x00000080042c9386                _binary_obj_user_testtime_end
 .data          0x00000080042c9386    0x181cf obj/user/httpd
                0x00000080042c9386                _binary_obj_user_httpd_start
                0x00000080042e1555                _binary_obj_user_httpd_end
 .data          0x00000080042e1555    0x15d58 obj/user/echosrv
                0x00000080042e1555                _binary_obj_user_echosrv_start
                0x00000080042f72ad                _binary_obj_user_echosrv_end
 .data          0x00000080042f72ad    0x15c87 obj/user/echotest
                0x00000080042f72ad                _binary_obj_user_echotest_start
                0x000000800430cf34                _binary_obj_user_echotest_end
 .data          0x000000800430cf34    0x1609a obj/net/testoutput
                0x000000800430cf34                _binary_obj_net_testoutput_start
                0x0000008004322fce                _binary_obj_net_testoutput_end
 .data          0x0000008004322fce    0x180d4 obj/net/testinput
                0x0000008004322fce                _binary_obj_net_testinput_start
                0x000000800433b0a2                _binary_obj_net_testinput_end
 .data          0x000000800433b0a2    0x618ec obj/net/ns
                0x000000800433b0a2                _binary_obj_net_ns_start
                0x000000800439c98e                _binary_obj_net_ns_end
 .data          0x000000800439c98e    0x18277 obj/user/testpteshare
                0x000000800439c98e                _binary_obj_user_testpteshare_start
                0x00000080043b4c05                _binary_obj_user_testpteshare_end
 .data          0x00000080043b4c05    0x15e75 obj/user/testfdsharing
                0x00000080043b4c05                _binary_obj_user_testfdsharing_start
                0x00000080043caa7a                _binary_obj_user_testfdsharing_end
 .data          0x00000080043caa7a    0x1625b obj/user/testpipe
                0x00000080043caa7a                _binary_obj_user_testpipe_start
                0x00000080043e0cd5                _binary_obj_user_testpipe_end
 .data          0x00000080043e0cd5    0x15c0f obj/user/testpiperace
                0x00000080043e0cd5                _binary_obj_user_testpiperace_start
                0x00000080043f68e4                _binary_obj_user_testpiperace_end
 .data          0x00000080043f68e4    0x15be0 obj/user/testpiperace2
                0x00000080043f68e4                _binary_obj_user_testpiperace2_start
                0x000000800440c4c4                _binary_obj_user_testpiperace2_end
 .data          0x000000800440c4c4    0x1573f obj/user/primespipe
                0x000000800440c4c4                _binary_obj_user_primespipe_start
                0x0000008004421c03                _binary_obj_user_primespipe_end
 .data          0x0000008004421c03    0x15a63 obj/user/testkbd
                0x0000008004421c03                _binary_obj_user_testkbd_start
                0x0000008004437666                _binary_obj_user_testkbd_end
 .data          0x0000008004437666    0x182cc obj/user/testshell
                0x0000008004437666                _binary_obj_user_testshell_start
                0x000000800444f932                _binary_obj_user_testshell_end
                0x000000800444f932                PROVIDE (edata, .)

.igot.plt       0x000000800444f938        0x0 load address 0x000000000044f938
 .igot.plt      0x0000000000000000        0x0 obj/kern/bootstrap.o

.bss            0x0000008004450000    0x84010 load address 0x0000000000450000
 *(EXCLUDE_FILE(obj/kern/bootstrap.o) .bss)
 .bss           0x0000008004450000        0x0 obj/kern/entry.o
 .bss           0x0000008004450000        0x0 obj/kern/init.o
 .bss           0x0000008004450000      0x22c obj/kern/console.o
 .bss           0x000000800445022c        0x0 obj/kern/monitor.o
 *fill*         0x000000800445022c        0x4 
 .bss           0x0000008004450230       0x20 obj/kern/pmap.o
 .bss           0x0000008004450250       0x10 obj/kern/env.o
                0x0000008004450250                envs
 .bss           0x0000008004450260        0x0 obj/kern/kclock.o
 .bss           0x0000008004450260        0x1 obj/kern/picirq.o
 .bss           0x0000008004450261        0x0 obj/kern/printf.o
 *fill*         0x0000008004450261       0x1f 
 .bss           0x0000008004450280     0x1018 obj/kern/trap.o
                0x0000008004450280                idt
                0x0000008004451280                idt_pd
 .bss           0x0000008004451298        0x0 obj/kern/trapentry.o
 .bss           0x0000008004451298        0x0 obj/kern/sched.o
 .bss           0x0000008004451298        0x0 obj/kern/syscall.o
 .bss           0x0000008004451298        0x8 obj/kern/kdebug.o
 .bss           0x00000080044512a0        0x0 obj/kern/printfmt.o
 .bss           0x00000080044512a0      0x400 obj/kern/readline.o
 .bss           0x00000080044516a0        0x0 obj/kern/string.o
 .bss           0x00000080044516a0        0x0 obj/kern/libdwarf_rw.o
 .bss           0x00000080044516a0       0x68 obj/kern/libdwarf_frame.o
                0x00000080044516a0                global_rt_table
                0x00000080044516e0                global_rt_table_shadow
 .bss           0x0000008004451708        0x0 obj/kern/libdwarf_lineno.o
 .bss           0x0000008004451708        0x0 obj/kern/elf_rw.o
 .bss           0x0000008004451708        0x0 obj/kern/mpentry.o
 .bss           0x0000008004451708        0x0 obj/kern/mpconfig.o
 .bss           0x0000008004451708        0x0 obj/kern/lapic.o
 .bss           0x0000008004451708        0x0 obj/kern/spinlock.o
 .bss           0x0000008004451708        0x0 obj/kern/e1000.o
 *fill*         0x0000008004451708        0x8 
 .bss           0x0000008004451710       0x30 obj/kern/pci.o
                0x0000008004451710                pci_attach_vendor
 .bss           0x0000008004451740        0x4 obj/kern/time.o
 *fill*         0x0000008004451744        0x4 
 COMMON         0x0000008004451748       0x18 obj/kern/init.o
                0x0000008004451748                end_debug
                0x0000008004451750                panicstr
                0x0000008004451758                mpentry_kstack
 COMMON         0x0000008004451760       0x20 obj/kern/pmap.o
                0x0000008004451760                boot_cr3
                0x0000008004451768                boot_pml4e
                0x0000008004451770                npages
                0x0000008004451778                pages
 COMMON         0x0000008004451780       0x68 obj/kern/trap.o
                0x0000008004451780                ts
 *fill*         0x00000080044517e8       0x18 
 COMMON         0x0000008004451800       0x58 obj/kern/kdebug.o
                0x0000008004451800                mydebug
 *fill*         0x0000008004451858        0x8 
 COMMON         0x0000008004451860      0xc70 obj/kern/libdwarf_frame.o
                0x0000008004451860                global_rules_shadow
                0x0000008004451ea0                global_rules
 *fill*         0x00000080044524d0       0x10 
 COMMON         0x00000080044524e0      0x200 obj/kern/libdwarf_lineno.o
                0x00000080044524e0                global_std_op
 *fill*         0x00000080044526e0      0x920 
 COMMON         0x0000008004453000    0x81000 obj/kern/mpconfig.o
                0x0000008004453000                ismp
                0x0000008004453020                cpus
                0x00000080044533e0                bootcpu
                0x00000080044533e8                ncpu
                0x0000008004454000                percpu_kstacks
 COMMON         0x00000080044d4000       0x10 obj/kern/lapic.o
                0x00000080044d4000                lapicaddr
                0x00000080044d4008                lapic
                0x00000080044d4010                PROVIDE (end, .)

.debug
 *(.debug)

.line
 *(.line)

.debug_srcinfo
 *(.debug_srcinfo)

.debug_sfnames
 *(.debug_sfnames)

.debug_aranges  0x0000000000000000      0x510
 *(.debug_aranges)
 .debug_aranges
                0x0000000000000000       0x30 obj/kern/bootstrap.o
 .debug_aranges
                0x0000000000000030       0x30 obj/kern/entry.o
 .debug_aranges
                0x0000000000000060       0x30 obj/kern/init.o
 .debug_aranges
                0x0000000000000090       0x30 obj/kern/console.o
 .debug_aranges
                0x00000000000000c0       0x30 obj/kern/monitor.o
 .debug_aranges
                0x00000000000000f0       0x30 obj/kern/pmap.o
 .debug_aranges
                0x0000000000000120       0x30 obj/kern/env.o
 .debug_aranges
                0x0000000000000150       0x30 obj/kern/kclock.o
 .debug_aranges
                0x0000000000000180       0x30 obj/kern/picirq.o
 .debug_aranges
                0x00000000000001b0       0x30 obj/kern/printf.o
 .debug_aranges
                0x00000000000001e0       0x30 obj/kern/trap.o
 .debug_aranges
                0x0000000000000210       0x30 obj/kern/sched.o
 .debug_aranges
                0x0000000000000240       0x30 obj/kern/syscall.o
 .debug_aranges
                0x0000000000000270       0x30 obj/kern/kdebug.o
 .debug_aranges
                0x00000000000002a0       0x30 obj/kern/printfmt.o
 .debug_aranges
                0x00000000000002d0       0x30 obj/kern/readline.o
 .debug_aranges
                0x0000000000000300       0x30 obj/kern/string.o
 .debug_aranges
                0x0000000000000330       0x30 obj/kern/libdwarf_rw.o
 .debug_aranges
                0x0000000000000360       0x30 obj/kern/libdwarf_frame.o
 .debug_aranges
                0x0000000000000390       0x30 obj/kern/libdwarf_lineno.o
 .debug_aranges
                0x00000000000003c0       0x30 obj/kern/elf_rw.o
 .debug_aranges
                0x00000000000003f0       0x30 obj/kern/mpentry.o
 .debug_aranges
                0x0000000000000420       0x30 obj/kern/mpconfig.o
 .debug_aranges
                0x0000000000000450       0x30 obj/kern/lapic.o
 .debug_aranges
                0x0000000000000480       0x30 obj/kern/spinlock.o
 .debug_aranges
                0x00000000000004b0       0x30 obj/kern/pci.o
 .debug_aranges
                0x00000000000004e0       0x30 obj/kern/time.o

.debug_pubnames
 *(.debug_pubnames)

.debug_info     0x0000000000000000     0xea8f
 *(.debug_info .gnu.linkonce.wi.*)
 .debug_info    0x0000000000000000       0x84 obj/kern/bootstrap.o
 .debug_info    0x0000000000000084       0x80 obj/kern/entry.o
 .debug_info    0x0000000000000104      0xa96 obj/kern/init.o
 .debug_info    0x0000000000000b9a      0xca6 obj/kern/console.o
 .debug_info    0x0000000000001840      0x538 obj/kern/monitor.o
 .debug_info    0x0000000000001d78     0x1a2d obj/kern/pmap.o
 .debug_info    0x00000000000037a5      0xda9 obj/kern/env.o
 .debug_info    0x000000000000454e      0x1ee obj/kern/kclock.o
 .debug_info    0x000000000000473c      0x483 obj/kern/picirq.o
 .debug_info    0x0000000000004bbf      0x1ec obj/kern/printf.o
 .debug_info    0x0000000000004dab      0xd0e obj/kern/trap.o
 .debug_info    0x0000000000005ab9      0x4e2 obj/kern/sched.o
 .debug_info    0x0000000000005f9b      0xa73 obj/kern/syscall.o
 .debug_info    0x0000000000006a0e     0x10ec obj/kern/kdebug.o
 .debug_info    0x0000000000007afa      0x5f5 obj/kern/printfmt.o
 .debug_info    0x00000000000080ef      0x169 obj/kern/readline.o
 .debug_info    0x0000000000008258      0x6a6 obj/kern/string.o
 .debug_info    0x00000000000088fe     0x1417 obj/kern/libdwarf_rw.o
 .debug_info    0x0000000000009d15     0x10b3 obj/kern/libdwarf_frame.o
 .debug_info    0x000000000000adc8      0xddf obj/kern/libdwarf_lineno.o
 .debug_info    0x000000000000bba7      0x96b obj/kern/elf_rw.o
 .debug_info    0x000000000000c512       0x82 obj/kern/mpentry.o
 .debug_info    0x000000000000c594      0xbd6 obj/kern/mpconfig.o
 .debug_info    0x000000000000d16a      0x818 obj/kern/lapic.o
 .debug_info    0x000000000000d982      0x946 obj/kern/spinlock.o
 .debug_info    0x000000000000e2c8      0x718 obj/kern/pci.o
 .debug_info    0x000000000000e9e0       0xaf obj/kern/time.o

.debug_abbrev   0x0000000000000000     0x2bfb
 *(.debug_abbrev)
 .debug_abbrev  0x0000000000000000       0x14 obj/kern/bootstrap.o
 .debug_abbrev  0x0000000000000014       0x14 obj/kern/entry.o
 .debug_abbrev  0x0000000000000028      0x238 obj/kern/init.o
 .debug_abbrev  0x0000000000000260      0x2c8 obj/kern/console.o
 .debug_abbrev  0x0000000000000528      0x158 obj/kern/monitor.o
 .debug_abbrev  0x0000000000000680      0x372 obj/kern/pmap.o
 .debug_abbrev  0x00000000000009f2      0x2db obj/kern/env.o
 .debug_abbrev  0x0000000000000ccd      0x102 obj/kern/kclock.o
 .debug_abbrev  0x0000000000000dcf       0xf0 obj/kern/picirq.o
 .debug_abbrev  0x0000000000000ebf       0xef obj/kern/printf.o
 .debug_abbrev  0x0000000000000fae      0x2d9 obj/kern/trap.o
 .debug_abbrev  0x0000000000001287       0xf1 obj/kern/sched.o
 .debug_abbrev  0x0000000000001378      0x1ff obj/kern/syscall.o
 .debug_abbrev  0x0000000000001577      0x223 obj/kern/kdebug.o
 .debug_abbrev  0x000000000000179a      0x1e6 obj/kern/printfmt.o
 .debug_abbrev  0x0000000000001980       0xab obj/kern/readline.o
 .debug_abbrev  0x0000000000001a2b      0x115 obj/kern/string.o
 .debug_abbrev  0x0000000000001b40      0x1f8 obj/kern/libdwarf_rw.o
 .debug_abbrev  0x0000000000001d38      0x22e obj/kern/libdwarf_frame.o
 .debug_abbrev  0x0000000000001f66      0x214 obj/kern/libdwarf_lineno.o
 .debug_abbrev  0x000000000000217a      0x1e0 obj/kern/elf_rw.o
 .debug_abbrev  0x000000000000235a       0x14 obj/kern/mpentry.o
 .debug_abbrev  0x000000000000236e      0x22e obj/kern/mpconfig.o
 .debug_abbrev  0x000000000000259c      0x1e4 obj/kern/lapic.o
 .debug_abbrev  0x0000000000002780      0x24e obj/kern/spinlock.o
 .debug_abbrev  0x00000000000029ce      0x1b5 obj/kern/pci.o
 .debug_abbrev  0x0000000000002b83       0x78 obj/kern/time.o

.debug_line     0x0000000000000000     0x339a
 *(.debug_line)
 .debug_line    0x0000000000000000       0x9a obj/kern/bootstrap.o
 .debug_line    0x000000000000009a       0x51 obj/kern/entry.o
 .debug_line    0x00000000000000eb      0x19e obj/kern/init.o
 .debug_line    0x0000000000000289      0x2a3 obj/kern/console.o
 .debug_line    0x000000000000052c       0xe0 obj/kern/monitor.o
 .debug_line    0x000000000000060c      0xaa2 obj/kern/pmap.o
 .debug_line    0x00000000000010ae      0x22c obj/kern/env.o
 .debug_line    0x00000000000012da       0x86 obj/kern/kclock.o
 .debug_line    0x0000000000001360       0xaa obj/kern/picirq.o
 .debug_line    0x000000000000140a       0x7f obj/kern/printf.o
 .debug_line    0x0000000000001489      0x206 obj/kern/trap.o
 .debug_line    0x000000000000168f       0xc3 obj/kern/sched.o
 .debug_line    0x0000000000001752      0x100 obj/kern/syscall.o
 .debug_line    0x0000000000001852      0x199 obj/kern/kdebug.o
 .debug_line    0x00000000000019eb      0x285 obj/kern/printfmt.o
 .debug_line    0x0000000000001c70       0x8c obj/kern/readline.o
 .debug_line    0x0000000000001cfc      0x1e8 obj/kern/string.o
 .debug_line    0x0000000000001ee4      0x45a obj/kern/libdwarf_rw.o
 .debug_line    0x000000000000233e      0x502 obj/kern/libdwarf_frame.o
 .debug_line    0x0000000000002840      0x208 obj/kern/libdwarf_lineno.o
 .debug_line    0x0000000000002a48      0x229 obj/kern/elf_rw.o
 .debug_line    0x0000000000002c71       0x74 obj/kern/mpentry.o
 .debug_line    0x0000000000002ce5      0x1c7 obj/kern/mpconfig.o
 .debug_line    0x0000000000002eac      0x15e obj/kern/lapic.o
 .debug_line    0x000000000000300a      0x163 obj/kern/spinlock.o
 .debug_line    0x000000000000316d        0x0 obj/kern/e1000.o
 .debug_line    0x000000000000316d      0x1e0 obj/kern/pci.o
 .debug_line    0x000000000000334d       0x4d obj/kern/time.o

.debug_frame
 *(.debug_frame)

.debug_str      0x0000000000000000     0x2921
 *(.debug_str)
 .debug_str     0x0000000000000000      0x60d obj/kern/init.o
                                        0x658 (size before relaxing)
 .debug_str     0x000000000000060d      0x149 obj/kern/console.o
                                        0x2dc (size before relaxing)
 .debug_str     0x0000000000000756       0x63 obj/kern/monitor.o
                                        0x33b (size before relaxing)
 .debug_str     0x00000000000007b9      0x417 obj/kern/pmap.o
                                        0x962 (size before relaxing)
 .debug_str     0x0000000000000bd0      0x2c1 obj/kern/env.o
                                        0x7ec (size before relaxing)
 .debug_str     0x0000000000000e91       0x31 obj/kern/kclock.o
                                        0x199 (size before relaxing)
 .debug_str     0x0000000000000ec2       0x35 obj/kern/picirq.o
                                        0x1cc (size before relaxing)
 .debug_str     0x0000000000000ef7       0x17 obj/kern/printf.o
                                        0x1ce (size before relaxing)
 .debug_str     0x0000000000000f0e      0x153 obj/kern/trap.o
                                        0x714 (size before relaxing)
 .debug_str     0x0000000000001061       0x1e obj/kern/sched.o
                                        0x45d (size before relaxing)
 .debug_str     0x000000000000107f      0x11b obj/kern/syscall.o
                                        0x6d6 (size before relaxing)
 .debug_str     0x000000000000119a      0x84d obj/kern/kdebug.o
                                        0xdac (size before relaxing)
 .debug_str     0x00000000000019e7       0x93 obj/kern/printfmt.o
                                        0x36e (size before relaxing)
 .debug_str     0x0000000000001a7a       0x27 obj/kern/readline.o
                                        0x20a (size before relaxing)
 .debug_str     0x0000000000001aa1       0x9e obj/kern/string.o
                                        0x227 (size before relaxing)
 .debug_str     0x0000000000001b3f      0x2c8 obj/kern/libdwarf_rw.o
                                        0xc11 (size before relaxing)
 .debug_str     0x0000000000001e07      0x44e obj/kern/libdwarf_frame.o
                                        0xb7a (size before relaxing)
 .debug_str     0x0000000000002255      0x1bd obj/kern/libdwarf_lineno.o
                                        0xbb8 (size before relaxing)
 .debug_str     0x0000000000002412      0x1b7 obj/kern/elf_rw.o
                                        0x47d (size before relaxing)
 .debug_str     0x00000000000025c9       0xbe obj/kern/mpconfig.o
                                        0x5ed (size before relaxing)
 .debug_str     0x0000000000002687       0x59 obj/kern/lapic.o
                                        0x54d (size before relaxing)
 .debug_str     0x00000000000026e0       0x56 obj/kern/spinlock.o
                                        0x5e1 (size before relaxing)
 .debug_str     0x0000000000002736        0x0 obj/kern/e1000.o
 .debug_str     0x0000000000002736      0x1c5 obj/kern/pci.o
                                        0x36c (size before relaxing)
 .debug_str     0x00000000000028fb       0x26 obj/kern/time.o
                                        0x128 (size before relaxing)

.debug_loc      0x0000000000000000     0x4e9c
 *(.debug_loc)
 .debug_loc     0x0000000000000000      0x204 obj/kern/init.o
 .debug_loc     0x0000000000000204      0x6c0 obj/kern/console.o
 .debug_loc     0x00000000000008c4      0x1e0 obj/kern/monitor.o
 .debug_loc     0x0000000000000aa4      0xb78 obj/kern/pmap.o
 .debug_loc     0x000000000000161c      0x4b8 obj/kern/env.o
 .debug_loc     0x0000000000001ad4       0xc0 obj/kern/kclock.o
 .debug_loc     0x0000000000001b94      0x120 obj/kern/picirq.o
 .debug_loc     0x0000000000001cb4      0x120 obj/kern/printf.o
 .debug_loc     0x0000000000001dd4      0x2ec obj/kern/trap.o
 .debug_loc     0x00000000000020c0       0x4c obj/kern/sched.o
 .debug_loc     0x000000000000210c      0x510 obj/kern/syscall.o
 .debug_loc     0x000000000000261c       0xc0 obj/kern/kdebug.o
 .debug_loc     0x00000000000026dc      0x300 obj/kern/printfmt.o
 .debug_loc     0x00000000000029dc       0x60 obj/kern/readline.o
 .debug_loc     0x0000000000002a3c      0x660 obj/kern/string.o
 .debug_loc     0x000000000000309c      0x900 obj/kern/libdwarf_rw.o
 .debug_loc     0x000000000000399c      0x5a0 obj/kern/libdwarf_frame.o
 .debug_loc     0x0000000000003f3c      0x180 obj/kern/libdwarf_lineno.o
 .debug_loc     0x00000000000040bc      0x240 obj/kern/elf_rw.o
 .debug_loc     0x00000000000042fc      0x1e0 obj/kern/mpconfig.o
 .debug_loc     0x00000000000044dc      0x2a0 obj/kern/lapic.o
 .debug_loc     0x000000000000477c      0x240 obj/kern/spinlock.o
 .debug_loc     0x00000000000049bc      0x3c0 obj/kern/pci.o
 .debug_loc     0x0000000000004d7c      0x120 obj/kern/time.o

.comment        0x0000000000000000       0x2b
 .comment       0x0000000000000000       0x2b obj/kern/init.o
                                         0x2c (size before relaxing)
 .comment       0x0000000000000000       0x2c obj/kern/console.o
 .comment       0x0000000000000000       0x2c obj/kern/monitor.o
 .comment       0x0000000000000000       0x2c obj/kern/pmap.o
 .comment       0x0000000000000000       0x2c obj/kern/env.o
 .comment       0x0000000000000000       0x2c obj/kern/kclock.o
 .comment       0x0000000000000000       0x2c obj/kern/picirq.o
 .comment       0x0000000000000000       0x2c obj/kern/printf.o
 .comment       0x0000000000000000       0x2c obj/kern/trap.o
 .comment       0x0000000000000000       0x2c obj/kern/sched.o
 .comment       0x0000000000000000       0x2c obj/kern/syscall.o
 .comment       0x0000000000000000       0x2c obj/kern/kdebug.o
 .comment       0x0000000000000000       0x2c obj/kern/printfmt.o
 .comment       0x0000000000000000       0x2c obj/kern/readline.o
 .comment       0x0000000000000000       0x2c obj/kern/string.o
 .comment       0x0000000000000000       0x2c obj/kern/libdwarf_rw.o
 .comment       0x0000000000000000       0x2c obj/kern/libdwarf_frame.o
 .comment       0x0000000000000000       0x2c obj/kern/libdwarf_lineno.o
 .comment       0x0000000000000000       0x2c obj/kern/elf_rw.o
 .comment       0x0000000000000000       0x2c obj/kern/mpconfig.o
 .comment       0x0000000000000000       0x2c obj/kern/lapic.o
 .comment       0x0000000000000000       0x2c obj/kern/spinlock.o
 .comment       0x0000000000000000       0x2c obj/kern/e1000.o
 .comment       0x0000000000000000       0x2c obj/kern/pci.o
 .comment       0x0000000000000000       0x2c obj/kern/time.o

.debug_macinfo
 *(.debug_macinfo)

.debug_weaknames
 *(.debug_weaknames)

.debug_funcnames
 *(.debug_funcnames)

.debug_typenames
 *(.debug_typenames)

.debug_varnames
 *(.debug_varnames)

/DISCARD/
 *(.eh_frame .note.GNU-stack)
LOAD obj/kern/entry.o
LOAD obj/kern/bootstrap.o
LOAD obj/kern/init.o
LOAD obj/kern/console.o
LOAD obj/kern/monitor.o
LOAD obj/kern/pmap.o
LOAD obj/kern/env.o
LOAD obj/kern/kclock.o
LOAD obj/kern/picirq.o
LOAD obj/kern/printf.o
LOAD obj/kern/trap.o
LOAD obj/kern/trapentry.o
LOAD obj/kern/sched.o
LOAD obj/kern/syscall.o
LOAD obj/kern/kdebug.o
LOAD obj/kern/printfmt.o
LOAD obj/kern/readline.o
LOAD obj/kern/string.o
LOAD obj/kern/libdwarf_rw.o
LOAD obj/kern/libdwarf_frame.o
LOAD obj/kern/libdwarf_lineno.o
LOAD obj/kern/elf_rw.o
LOAD obj/kern/mpentry.o
LOAD obj/kern/mpconfig.o
LOAD obj/kern/lapic.o
LOAD obj/kern/spinlock.o
LOAD obj/kern/e1000.o
LOAD obj/kern/pci.o
LOAD obj/kern/time.o
LOAD /usr/lib/gcc/x86_64-linux-gnu/4.8/libgcc.a
TARGET(binary)
LOAD obj/user/hello
LOAD obj/user/idle
LOAD obj/user/testfile
LOAD obj/user/writemotd
LOAD obj/user/icode
LOAD obj/fs/fs
LOAD obj/user/testtime
LOAD obj/user/httpd
LOAD obj/user/echosrv
LOAD obj/user/echotest
LOAD obj/net/testoutput
LOAD obj/net/testinput
LOAD obj/net/ns
LOAD obj/user/testpteshare
LOAD obj/user/testfdsharing
LOAD obj/user/testpipe
LOAD obj/user/testpiperace
LOAD obj/user/testpiperace2
LOAD obj/user/primespipe
LOAD obj/user/testkbd
LOAD obj/user/testshell
OUTPUT(obj/kern/kernel elf64-x86-64)
